[ 7478.569204] d4xx 9-001c: s_stream for stream D4XX ir 9-001a, vc:2, SENSOR=Y8 on = 0
[ 7478.570343] d4xx 9-001c: stream 4 in expected state, toggling to 0 (status: 0x0001) 0ms
[ 7478.583061] d4xx 9-001c: stream 4 toggle ok to 0 in 12ms, retries 1
[ 7478.583078] d4xx 9-001c: s_stream for stream D4XX ir 9-001a, vc:2, SENSOR=Y8 on = 1
[ 7478.583840] d4xx 9-001c: stream 4 in expected state, toggling to 1 (status: 0x0000) 0ms
[ 7478.583853] d4xx 9-001c: pipe 2 already configured (dt1=0x2a dt2=0x12 vc=2)
[ 7478.805624] d4xx 9-001c: stream 4 toggle ok to 1 in 224ms, retries 6
[ 7478.805637] tegra-camrtc-capture-vi tegra-capture-vi: err_rec: attempting to reset the capture channel
[ 7478.807199] tegra-camrtc-capture-vi tegra-capture-vi: err_rec: successfully reset the capture channel
[ 7478.807399] d4xx 9-001c: s_stream for stream D4XX ir 9-001a, vc:2, SENSOR=Y8 on = 0
[ 7478.808158] d4xx 9-001c: stream 4 in expected state, toggling to 0 (status: 0x0001) 0ms
[ 7478.821662] d4xx 9-001c: stream 4 toggle ok to 0 in 16ms, retries 1
[ 7480.333847] d4xx 9-001a: s_stream for stream D4XX depth 9-001a, vc:0, SENSOR=DEPTH on = 1
[ 7480.334567] d4xx 9-001a: stream 0 in expected state, toggling to 1 (status: 0x0000) 0ms
[ 7480.334571] d4xx 9-001a: pipe 0 already configured (dt1=0x1e dt2=0x12 vc=0)
[ 7480.493371] d4xx 9-001a: stream 0 toggle ok to 1 in 160ms, retries 5
[ 7480.495582] d4xx 9-001b: s_stream for stream D4XX rgb 9-001a, vc:1, SENSOR=RGB on = 1
[ 7480.496300] d4xx 9-001b: stream 1 in expected state, toggling to 1 (status: 0x0000) 0ms
[ 7480.496303] d4xx 9-001b: pipe 1 already configured (dt1=0x1e dt2=0x12 vc=1)
[ 7480.963201] d4xx 9-001b: stream 1 toggle ok to 1 in 468ms, retries 9
[ 7480.965972] d4xx 9-001c: s_stream for stream D4XX ir 9-001a, vc:2, SENSOR=Y8 on = 1
[ 7480.966690] d4xx 9-001c: stream 4 in expected state, toggling to 1 (status: 0x0000) 0ms
[ 7480.966694] d4xx 9-001c: pipe 2 already configured (dt1=0x2a dt2=0x12 vc=2)
[ 7481.032650] d4xx 9-001c: stream 4 toggle ok to 1 in 64ms, retries 3
[ 7483.016920] tegra-camrtc-capture-vi tegra-capture-vi: uncorr_err: request timed out after 2500 ms - attempting restart
[ 7483.016937] d4xx 9-001b: s_stream for stream D4XX rgb 9-001a, vc:1, SENSOR=RGB on = 0
[ 7483.017092] tegra-camrtc-capture-vi tegra-capture-vi: uncorr_err: request timed out after 2500 ms - attempting restart
[ 7483.017108] d4xx 9-001a: s_stream for stream D4XX depth 9-001a, vc:0, SENSOR=DEPTH on = 0
[ 7483.017999] d4xx 9-001b: stream 1 in expected state, toggling to 0 (status: 0x0001) 0ms
[ 7483.018711] d4xx 9-001a: stream 0 in expected state, toggling to 0 (status: 0x0001) 0ms
[ 7483.032624] d4xx 9-001b: stream 1 toggle ok to 0 in 12ms, retries 1
[ 7483.032631] d4xx 9-001b: s_stream for stream D4XX rgb 9-001a, vc:1, SENSOR=RGB on = 1
[ 7483.033332] d4xx 9-001b: stream 1 in expected state, toggling to 1 (status: 0x0000) 4ms
[ 7483.033335] d4xx 9-001b: pipe 1 already configured (dt1=0x1e dt2=0x12 vc=1)
[ 7483.034034] d4xx 9-001a: stream 0 toggle ok to 0 in 16ms, retries 1
[ 7483.034040] d4xx 9-001a: s_stream for stream D4XX depth 9-001a, vc:0, SENSOR=DEPTH on = 1
[ 7483.035545] d4xx 9-001a: stream 0 in expected state, toggling to 1 (status: 0x0000) 0ms
[ 7483.035557] d4xx 9-001a: pipe 0 already configured (dt1=0x1e dt2=0x12 vc=0)
[ 7483.528665] tegra-camrtc-capture-vi tegra-capture-vi: uncorr_err: request timed out after 2500 ms - attempting restart
[ 7483.528683] d4xx 9-001c: s_stream for stream D4XX ir 9-001a, vc:2, SENSOR=Y8 on = 0
[ 7483.529769] d4xx 9-001c: stream 4 in expected state, toggling to 0 (status: 0x0001) 0ms
[ 7483.542743] d4xx 9-001c: stream 4 toggle ok to 0 in 12ms, retries 1
[ 7483.542750] d4xx 9-001c: s_stream for stream D4XX ir 9-001a, vc:2, SENSOR=Y8 on = 1
[ 7483.543458] d4xx 9-001c: stream 4 in expected state, toggling to 1 (status: 0x0000) 0ms
[ 7483.543461] d4xx 9-001c: pipe 2 already configured (dt1=0x2a dt2=0x12 vc=2)
[ 7484.259571] d4xx 9-001b: stream 1 toggle ok to 1 in 1224ms, retries 15
[ 7484.259586] tegra-camrtc-capture-vi tegra-capture-vi: err_rec: attempting to reset the capture channel
[ 7484.260341] d4xx 9-001a: stream 0 toggle ok to 1 in 1224ms, retries 15
[ 7484.260354] tegra-camrtc-capture-vi tegra-capture-vi: err_rec: attempting to reset the capture channel
[ 7484.261400] ------------[ cut here ]------------
[ 7484.261403] channel context at 0 is busy
[ 7484.261476] WARNING: CPU: 1 PID: 8437 at /home/nlyskov/repos/realsense_mipi_platform_driver/sources_6.2/nvidia-oot/drivers/platform/tegra/rtcpu/capture-ivc.c:195 tegra_capture_ivc_notify_chan_id+0x1a0/0x1c0 [capture_ivc]
[ 7484.261494] Modules linked in: nvidia_drm(O) nvidia_modeset(OE) xt_conntrack xt_MASQUERADE ip6table_nat ip6table_filter ip6_tables iptable_nat nf_nat nf_conntrack nf_defrag_ipv6 nf_defrag_ipv4 xt_addrtype iptable_filter nf_tables libcrc32c nfnetlink lzo_rle lzo_compress zram zsmalloc nvme_fabrics ramoops reed_solomon bridge stp llc usb_f_ncm usb_f_mass_storage usb_f_acm u_serial algif_hash algif_skcipher usb_f_rndis af_alg u_ether bnep libcomposite rtk_btusb(O) btusb btrtl btintel btbcm snd_soc_tegra186_asrc(O) snd_soc_tegra210_admaif(O) snd_soc_tegra186_dspk(O) snd_soc_tegra_pcm snd_soc_tegra186_arad(O) snd_soc_tegra210_afc(O) snd_soc_tegra210_sfc(O) snd_soc_tegra210_mixer(O) snd_soc_tegra210_dmic(O) snd_soc_tegra210_adx(O) snd_soc_tegra210_ope(O) snd_soc_tegra210_mvc(O) snd_soc_tegra210_amx(O) snd_soc_tegra210_i2s(O) snd_soc_tegra210_ahub(O) tegra210_adma spidev nvvrs_pseq_rtc(O) snd_soc_tegra_machine_driver(O) snd_soc_tegra_utils(O) crct10dif_ce tegra23x_perf_uncore(O)
[ 7484.261553]  snd_soc_simple_card_utils tegra234_oc_event(O) nvpmodel_clk_cap(O) tegra_mce(O) thermal_trip_event(O) tegra_cactmon_mc_all(O) mttcan(O) ucsi_ccg can_dev snd_hda_codec_hdmi nvethernet(O) tegra_aconnect tegra234_aon(O) nvpps(O) snd_hda_tegra snd_hda_codec snd_hda_core snd_soc_rt5640 snd_soc_rl6231 pwm_tegra_tachometer(O) rtl8822ce(O) spi_tegra114 d4xx(O) cfg80211 max9295(O) max9296(O) nvidia(O) max96712(O) at24 tegra_pcie_dma_test(O) tegra_pcie_edma(O) mc_hwpm(O) host1x_fence(O) lm90 i2c_nvvrs11(O) nvidia_vrs_pseq(O) tegra_dce(O) nvhost_vi5(O) nvhost_isp5(O) nvhost_nvcsi_t194(O) tegra_camera(O) v4l2_dv_timings nvhost_nvcsi(O) tegra_camera_platform(O) capture_ivc(O) tegra_camera_rtcpu(O) governor_userspace ivc_bus(O) hsp_mailbox_client(O) ivc_ext(O) v4l2_fwnode v4l2_async tegra_drm(O) videobuf2_dma_contig videobuf2_memops nvhost_pva(O) nvhost_nvdla(O) tegra_wmark(O) videobuf2_v4l2 videobuf2_common videodev nvhost_capture(O) nvhwpm(O) cec mc drm_kms_helper tegra_se(O)
[ 7484.261612]  host1x_nvhost(O) crypto_engine tsecriscv(O) nvidia_p2p(O) ina3221 nvgpu(O) governor_pod_scaling(O) host1x(O) mc_utils(O) nvmap(O) nvsciipc(O) drm fuse ip_tables x_tables ipv6 pwm_fan(E) pwm_tegra(E) tegra_bpmp_thermal(E) tegra_xudc(E) typec_ucsi(E) typec(E) nvme(E) nvme_core(E) phy_tegra194_p2u(E) pcie_tegra194(E)
[ 7484.261640] CPU: 1 PID: 8437 Comm: vi-output, DS5  Tainted: G           OE     5.15.148-tegra #1
[ 7484.261644] Hardware name: NVIDIA NVIDIA Jetson AGX Orin Developer Kit/Jetson, BIOS 36.4.3-gcid-38968081 01/08/2025
[ 7484.261646] pstate: 60400009 (nZCv daif +PAN -UAO -TCO -DIT -SSBS BTYPE=--)
[ 7484.261650] pc : tegra_capture_ivc_notify_chan_id+0x1a0/0x1c0 [capture_ivc]
[ 7484.261654] lr : tegra_capture_ivc_notify_chan_id+0x1a0/0x1c0 [capture_ivc]
[ 7484.261658] sp : ffff8000151cbb10
[ 7484.261659] x29: ffff8000151cbb10 x28: 0000000000000000 x27: 0000000000000000
[ 7484.261664] x26: 0000000000000000 x25: 0000000000001043 x24: ffff00008db08088
[ 7484.261668] x23: 0000000000000059 x22: ffff00008db08ba0 x21: ffff00008db08080
[ 7484.261672] x20: 0000000000000000 x19: 0000000000000059 x18: ffffffffffffffff
[ 7484.261676] x17: 000000040044ffff x16: ffffaaabd51c0710 x15: ffffaaabd6760d7d
[ 7484.261679] x14: ffffffffffffffff x13: ffffaaabd6760d73 x12: 6e6f63206c656e6e
[ 7484.261683] x11: ffffffffffffffff x10: ffffaaabd63860e0 x9 : ffff8000151cbb10
[ 7484.261687] x8 : ffff8000151cbb10 x7 : 7973756220736920 x6 : 7973756220736920
[ 7484.261690] x5 : ffff000fa2bb59f0 x4 : 00000001000021d9 x3 : ffffaaabd63d6aa0
[ 7484.261694] x2 : 0000000000000000 x1 : 0000000000000000 x0 : ffff0000d0ac4d80
[ 7484.261699] Call trace:
[ 7484.261700]  tegra_capture_ivc_notify_chan_id+0x1a0/0x1c0 [capture_ivc]
[ 7484.261704]  vi_capture_setup+0x338/0x690 [tegra_camera]
[ 7484.261729]  tegra_channel_capture_setup+0x10c/0x2c0 [tegra_camera]
[ 7484.261747]  vi5_channel_error_recover+0x128/0x1f0 [tegra_camera]
[ 7484.261764]  tegra_channel_error_recover+0x80/0xa0 [tegra_camera]
[ 7484.261780]  tegra_channel_kthread_capture_dequeue+0x148/0x200 [tegra_camera]
[ 7484.261797]  kthread+0x184/0x190
[ 7484.261805]  ret_from_fork+0x10/0x20
[ 7484.261813] ---[ end trace d05ac7fec3760cd5 ]---
[ 7484.348675] d4xx 9-001c: stream 4 toggle ok to 1 in 808ms, retries 12
[ 7484.348689] tegra-camrtc-capture-vi tegra-capture-vi: err_rec: attempting to reset the capture channel
[ 7484.362510] tegra194-vi5 13e00000.host1x:vi0@15c00000: failed to update control callback
[ 7484.362562] tegra-camrtc-capture-vi tegra-capture-vi: vi capture setup failed
[ 7484.362859] tegra-camrtc-capture-vi tegra-capture-vi: fatal: error recovery failed
[ 7484.363110] tegra-camrtc-capture-vi tegra-capture-vi: err_rec: successfully reset the capture channel
[ 7484.363111] tegra-camrtc-capture-vi tegra-capture-vi: err_rec: successfully reset the capture channel
[ 7486.045756] ------------[ cut here ]------------
[ 7486.045762] refcount_t: addition on 0; use-after-free.
[ 7486.045773] WARNING: CPU: 1 PID: 3428 at lib/refcount.c:25 refcount_warn_saturate+0xa0/0x150
[ 7486.045784] Modules linked in: nvidia_drm(O) nvidia_modeset(OE) xt_conntrack xt_MASQUERADE ip6table_nat ip6table_filter ip6_tables iptable_nat nf_nat nf_conntrack nf_defrag_ipv6 nf_defrag_ipv4 xt_addrtype iptable_filter nf_tables libcrc32c nfnetlink lzo_rle lzo_compress zram zsmalloc nvme_fabrics ramoops reed_solomon bridge stp llc usb_f_ncm usb_f_mass_storage usb_f_acm u_serial algif_hash algif_skcipher usb_f_rndis af_alg u_ether bnep libcomposite rtk_btusb(O) btusb btrtl btintel btbcm snd_soc_tegra186_asrc(O) snd_soc_tegra210_admaif(O) snd_soc_tegra186_dspk(O) snd_soc_tegra_pcm snd_soc_tegra186_arad(O) snd_soc_tegra210_afc(O) snd_soc_tegra210_sfc(O) snd_soc_tegra210_mixer(O) snd_soc_tegra210_dmic(O) snd_soc_tegra210_adx(O) snd_soc_tegra210_ope(O) snd_soc_tegra210_mvc(O) snd_soc_tegra210_amx(O) snd_soc_tegra210_i2s(O) snd_soc_tegra210_ahub(O) tegra210_adma spidev nvvrs_pseq_rtc(O) snd_soc_tegra_machine_driver(O) snd_soc_tegra_utils(O) crct10dif_ce tegra23x_perf_uncore(O)
[ 7486.045872]  snd_soc_simple_card_utils tegra234_oc_event(O) nvpmodel_clk_cap(O) tegra_mce(O) thermal_trip_event(O) tegra_cactmon_mc_all(O) mttcan(O) ucsi_ccg can_dev snd_hda_codec_hdmi nvethernet(O) tegra_aconnect tegra234_aon(O) nvpps(O) snd_hda_tegra snd_hda_codec snd_hda_core snd_soc_rt5640 snd_soc_rl6231 pwm_tegra_tachometer(O) rtl8822ce(O) spi_tegra114 d4xx(O) cfg80211 max9295(O) max9296(O) nvidia(O) max96712(O) at24 tegra_pcie_dma_test(O) tegra_pcie_edma(O) mc_hwpm(O) host1x_fence(O) lm90 i2c_nvvrs11(O) nvidia_vrs_pseq(O) tegra_dce(O) nvhost_vi5(O) nvhost_isp5(O) nvhost_nvcsi_t194(O) tegra_camera(O) v4l2_dv_timings nvhost_nvcsi(O) tegra_camera_platform(O) capture_ivc(O) tegra_camera_rtcpu(O) governor_userspace ivc_bus(O) hsp_mailbox_client(O) ivc_ext(O) v4l2_fwnode v4l2_async tegra_drm(O) videobuf2_dma_contig videobuf2_memops nvhost_pva(O) nvhost_nvdla(O) tegra_wmark(O) videobuf2_v4l2 videobuf2_common videodev nvhost_capture(O) nvhwpm(O) cec mc drm_kms_helper tegra_se(O)
[ 7486.045975]  host1x_nvhost(O) crypto_engine tsecriscv(O) nvidia_p2p(O) ina3221 nvgpu(O) governor_pod_scaling(O) host1x(O) mc_utils(O) nvmap(O) nvsciipc(O) drm fuse ip_tables x_tables ipv6 pwm_fan(E) pwm_tegra(E) tegra_bpmp_thermal(E) tegra_xudc(E) typec_ucsi(E) typec(E) nvme(E) nvme_core(E) phy_tegra194_p2u(E) pcie_tegra194(E)
[ 7486.046019] CPU: 1 PID: 3428 Comm: python Tainted: G        W  OE     5.15.148-tegra #1
[ 7486.046026] Hardware name: NVIDIA NVIDIA Jetson AGX Orin Developer Kit/Jetson, BIOS 36.4.3-gcid-38968081 01/08/2025
[ 7486.046029] pstate: 60400009 (nZCv daif +PAN -UAO -TCO -DIT -SSBS BTYPE=--)
[ 7486.046036] pc : refcount_warn_saturate+0xa0/0x150
[ 7486.046040] lr : refcount_warn_saturate+0xa0/0x150
[ 7486.046044] sp : ffff800014e13a20
[ 7486.046047] x29: ffff800014e13a20 x28: ffff0000eab2ce00 x27: 0000000040045613
[ 7486.046054] x26: ffffaaab824c2f48 x25: 0000000000000000 x24: ffff800014e13cd8
[ 7486.046060] x23: ffff00008810f1f8 x22: ffff800014e13cd8 x21: ffff0000d0ac4db0
[ 7486.046065] x20: ffff00008810f550 x19: ffff0000d0ac4d80 x18: 0000000000000000
[ 7486.046071] x17: 0000000000000000 x16: ffffaaabd3fc66a0 x15: 0000fffff1bdb03c
[ 7486.046076] x14: 0000000000000000 x13: 0a2e656572662d72 x12: 657466612d657375
[ 7486.046081] x11: 203b30206e6f206e x10: 6f69746964646120 x9 : 612d657375203b30
[ 7486.046087] x8 : 206e6f206e6f6974 x7 : 69646461203a745f x6 : 746e756f63666572
[ 7486.046092] x5 : ffff000fa2bb59f0 x4 : 0000000100002200 x3 : ffffaaabd63d6e48
[ 7486.046097] x2 : 0000000000000000 x1 : 0000000000000000 x0 : ffff0000d0ac0000
[ 7486.046103] Call trace:
[ 7486.046105]  refcount_warn_saturate+0xa0/0x150
[ 7486.046110]  kthread_stop+0x138/0x250
[ 7486.046119]  vi5_channel_stop_kthreads+0x58/0x80 [tegra_camera]
[ 7486.046165]  vi5_channel_stop_streaming+0x128/0x140 [tegra_camera]
[ 7486.046197]  tegra_channel_stop_streaming+0x40/0x70 [tegra_camera]
[ 7486.046229]  __vb2_queue_cancel+0x44/0x230 [videobuf2_common]
[ 7486.046245]  vb2_core_streamoff+0x38/0xd0 [videobuf2_common]
[ 7486.046256]  vb2_ioctl_streamoff+0x6c/0xc0 [videobuf2_v4l2]
[ 7486.046269]  v4l_streamoff+0x44/0x60 [videodev]
[ 7486.046303]  __video_do_ioctl+0x190/0x400 [videodev]
[ 7486.046332]  video_usercopy+0x278/0x660 [videodev]
[ 7486.046360]  video_ioctl2+0x44/0x80 [videodev]
[ 7486.046387]  v4l2_ioctl+0x6c/0xa0 [videodev]
[ 7486.046415]  __arm64_sys_ioctl+0xb4/0x100
[ 7486.046423]  invoke_syscall+0x5c/0x130
[ 7486.046433]  el0_svc_common.constprop.0+0x64/0x110
[ 7486.046441]  do_el0_svc+0x74/0xa0
[ 7486.046448]  el0_svc+0x28/0x80
[ 7486.046459]  el0t_64_sync_handler+0xa4/0x130
[ 7486.046466]  el0t_64_sync+0x1a4/0x1a8
[ 7486.046472] ---[ end trace d05ac7fec3760cd6 ]---
[ 7487.051821] ------------[ cut here ]------------
[ 7487.051828] refcount_t: underflow; use-after-free.
[ 7487.051842] WARNING: CPU: 2 PID: 3428 at lib/refcount.c:28 refcount_warn_saturate+0xf4/0x150
[ 7487.051859] Modules linked in: nvidia_drm(O) nvidia_modeset(OE) xt_conntrack xt_MASQUERADE ip6table_nat ip6table_filter ip6_tables iptable_nat nf_nat nf_conntrack nf_defrag_ipv6 nf_defrag_ipv4 xt_addrtype iptable_filter nf_tables libcrc32c nfnetlink lzo_rle lzo_compress zram zsmalloc nvme_fabrics ramoops reed_solomon bridge stp llc usb_f_ncm usb_f_mass_storage usb_f_acm u_serial algif_hash algif_skcipher usb_f_rndis af_alg u_ether bnep libcomposite rtk_btusb(O) btusb btrtl btintel btbcm snd_soc_tegra186_asrc(O) snd_soc_tegra210_admaif(O) snd_soc_tegra186_dspk(O) snd_soc_tegra_pcm snd_soc_tegra186_arad(O) snd_soc_tegra210_afc(O) snd_soc_tegra210_sfc(O) snd_soc_tegra210_mixer(O) snd_soc_tegra210_dmic(O) snd_soc_tegra210_adx(O) snd_soc_tegra210_ope(O) snd_soc_tegra210_mvc(O) snd_soc_tegra210_amx(O) snd_soc_tegra210_i2s(O) snd_soc_tegra210_ahub(O) tegra210_adma spidev nvvrs_pseq_rtc(O) snd_soc_tegra_machine_driver(O) snd_soc_tegra_utils(O) crct10dif_ce tegra23x_perf_uncore(O)
[ 7487.051974]  snd_soc_simple_card_utils tegra234_oc_event(O) nvpmodel_clk_cap(O) tegra_mce(O) thermal_trip_event(O) tegra_cactmon_mc_all(O) mttcan(O) ucsi_ccg can_dev snd_hda_codec_hdmi nvethernet(O) tegra_aconnect tegra234_aon(O) nvpps(O) snd_hda_tegra snd_hda_codec snd_hda_core snd_soc_rt5640 snd_soc_rl6231 pwm_tegra_tachometer(O) rtl8822ce(O) spi_tegra114 d4xx(O) cfg80211 max9295(O) max9296(O) nvidia(O) max96712(O) at24 tegra_pcie_dma_test(O) tegra_pcie_edma(O) mc_hwpm(O) host1x_fence(O) lm90 i2c_nvvrs11(O) nvidia_vrs_pseq(O) tegra_dce(O) nvhost_vi5(O) nvhost_isp5(O) nvhost_nvcsi_t194(O) tegra_camera(O) v4l2_dv_timings nvhost_nvcsi(O) tegra_camera_platform(O) capture_ivc(O) tegra_camera_rtcpu(O) governor_userspace ivc_bus(O) hsp_mailbox_client(O) ivc_ext(O) v4l2_fwnode v4l2_async tegra_drm(O) videobuf2_dma_contig videobuf2_memops nvhost_pva(O) nvhost_nvdla(O) tegra_wmark(O) videobuf2_v4l2 videobuf2_common videodev nvhost_capture(O) nvhwpm(O) cec mc drm_kms_helper tegra_se(O)
[ 7487.052018]  host1x_nvhost(O) crypto_engine tsecriscv(O) nvidia_p2p(O) ina3221 nvgpu(O) governor_pod_scaling(O) host1x(O) mc_utils(O) nvmap(O) nvsciipc(O) drm fuse ip_tables x_tables ipv6 pwm_fan(E) pwm_tegra(E) tegra_bpmp_thermal(E) tegra_xudc(E) typec_ucsi(E) typec(E) nvme(E) nvme_core(E) phy_tegra194_p2u(E) pcie_tegra194(E)
[ 7487.052035] CPU: 2 PID: 3428 Comm: python Tainted: G        W  OE     5.15.148-tegra #1
[ 7487.052038] Hardware name: NVIDIA NVIDIA Jetson AGX Orin Developer Kit/Jetson, BIOS 36.4.3-gcid-38968081 01/08/2025
[ 7487.052040] pstate: 60400009 (nZCv daif +PAN -UAO -TCO -DIT -SSBS BTYPE=--)
[ 7487.052043] pc : refcount_warn_saturate+0xf4/0x150
[ 7487.052045] lr : refcount_warn_saturate+0xf4/0x150
[ 7487.052047] sp : ffff800014e13a20
[ 7487.052048] x29: ffff800014e13a20 x28: ffff0000eab2ce00 x27: 0000000040045613
[ 7487.052052] x26: ffffaaab824c2f48 x25: 0000000000000000 x24: ffff800014e13cd8
[ 7487.052054] x23: ffff00008810f1f8 x22: ffff800014e13cd8 x21: ffff0000d0ac4db0
[ 7487.052057] x20: 0000000000000000 x19: ffff0000d0ac4d80 x18: 0000000000000000
[ 7487.052059] x17: 0000000000000000 x16: ffffaaabd3fc66a0 x15: 0000fffff1bdb03c
[ 7487.052062] x14: 0000000000000000 x13: 0a2e656572662d72 x12: 657466612d657375
[ 7487.052064] x11: 203b776f6c667265 x10: 646e75203a745f74 x9 : 72657466612d6573
[ 7487.052067] x8 : 75203b776f6c6672 x7 : 65646e75203a745f x6 : 746e756f63666572
[ 7487.052069] x5 : ffff000fa2bd29f0 x4 : 000000010000222c x3 : ffffaaabd63d7268
[ 7487.052072] x2 : 0000000000000000 x1 : 0000000000000000 x0 : ffff0000d0ac0000
[ 7487.052074] Call trace:
[ 7487.052075]  refcount_warn_saturate+0xf4/0x150
[ 7487.052077]  kthread_stop+0x230/0x250
[ 7487.052080]  vi5_channel_stop_kthreads+0x58/0x80 [tegra_camera]
[ 7487.052099]  vi5_channel_stop_streaming+0x128/0x140 [tegra_camera]
[ 7487.052113]  tegra_channel_stop_streaming+0x40/0x70 [tegra_camera]
[ 7487.052127]  __vb2_queue_cancel+0x44/0x230 [videobuf2_common]
[ 7487.052134]  vb2_core_streamoff+0x38/0xd0 [videobuf2_common]
[ 7487.052139]  vb2_ioctl_streamoff+0x6c/0xc0 [videobuf2_v4l2]
[ 7487.052145]  v4l_streamoff+0x44/0x60 [videodev]
[ 7487.052161]  __video_do_ioctl+0x190/0x400 [videodev]
[ 7487.052174]  video_usercopy+0x278/0x660 [videodev]
[ 7487.052186]  video_ioctl2+0x44/0x80 [videodev]
[ 7487.052198]  v4l2_ioctl+0x6c/0xa0 [videodev]
[ 7487.052210]  __arm64_sys_ioctl+0xb4/0x100
[ 7487.052213]  invoke_syscall+0x5c/0x130
[ 7487.052218]  el0_svc_common.constprop.0+0x64/0x110
[ 7487.052222]  do_el0_svc+0x74/0xa0
[ 7487.052226]  el0_svc+0x28/0x80
[ 7487.052230]  el0t_64_sync_handler+0xa4/0x130
[ 7487.052232]  el0t_64_sync+0x1a4/0x1a8
[ 7487.052235] ---[ end trace d05ac7fec3760cd7 ]---
[ 7487.112416] tegra-camrtc-capture-vi tegra-capture-vi: uncorr_err: request timed out after 2500 ms - attempting restart
[ 7487.112423] d4xx 9-001c: s_stream for stream D4XX ir 9-001a, vc:2, SENSOR=Y8 on = 0
[ 7487.112437] tegra-camrtc-capture-vi tegra-capture-vi: uncorr_err: request timed out after 2500 ms - attempting restart
[ 7487.112454] d4xx 9-001a: s_stream for stream D4XX depth 9-001a, vc:0, SENSOR=DEPTH on = 0
[ 7487.113139] d4xx 9-001c: stream 4 in expected state, toggling to 0 (status: 0x0001) 0ms
[ 7487.113880] d4xx 9-001a: stream 0 in expected state, toggling to 0 (status: 0x0001) 0ms
[ 7487.126948] d4xx 9-001c: stream 4 toggle ok to 0 in 12ms, retries 1
[ 7487.126953] d4xx 9-001c: s_stream for stream D4XX ir 9-001a, vc:2, SENSOR=Y8 on = 1
[ 7487.127656] d4xx 9-001c: stream 4 in expected state, toggling to 1 (status: 0x0000) 0ms
[ 7487.127659] d4xx 9-001c: pipe 2 already configured (dt1=0x2a dt2=0x12 vc=2)
[ 7487.128360] d4xx 9-001a: stream 0 toggle ok to 0 in 12ms, retries 1
[ 7487.128365] d4xx 9-001a: s_stream for stream D4XX depth 9-001a, vc:0, SENSOR=DEPTH on = 1
[ 7487.129637] d4xx 9-001a: stream 0 in expected state, toggling to 1 (status: 0x0000) 4ms
[ 7487.129643] d4xx 9-001a: pipe 0 already configured (dt1=0x1e dt2=0x12 vc=0)
[ 7487.152928] d4xx 9-001b: s_stream for stream D4XX rgb 9-001a, vc:1, SENSOR=RGB on = 0
[ 7487.153650] d4xx 9-001b: stream 1 in expected state, toggling to 0 (status: 0x0001) 0ms
[ 7487.166802] d4xx 9-001b: stream 1 toggle ok to 0 in 12ms, retries 1
[ 7487.237091] d4xx 9-001c: stream 4 toggle ok to 1 in 112ms, retries 4
[ 7487.237105] tegra-camrtc-capture-vi tegra-capture-vi: err_rec: attempting to reset the capture channel
[ 7487.237481] tegra-camrtc-capture-vi tegra-capture-vi: err_rec: successfully reset the capture channel
[ 7487.289449] d4xx 9-001a: stream 0 toggle ok to 1 in 160ms, retries 5
[ 7487.289463] tegra-camrtc-capture-vi tegra-capture-vi: err_rec: attempting to reset the capture channel
[ 7487.290400] tegra-camrtc-capture-vi tegra-capture-vi: err_rec: successfully reset the capture channel
[ 7488.200572] tegra194-vi5 13e00000.host1x:vi0@15c00000: capture control message timed out
[ 7488.200585] tegra194-vi5 13e00000.host1x:vi0@15c00000: vi_capture_release: release channel IVC failed
[ 7488.200694] ------------[ cut here ]------------
[ 7488.200697] WARNING: CPU: 2 PID: 3428 at /home/nlyskov/repos/realsense_mipi_platform_driver/sources_6.2/nvidia-oot/drivers/media/platform/tegra/camera/fusa-capture/capture-vi.c:954 vi_capture_release+0x2d8/0x300 [tegra_camera]
[ 7488.200748] Modules linked in: nvidia_drm(O) nvidia_modeset(OE) xt_conntrack xt_MASQUERADE ip6table_nat ip6table_filter ip6_tables iptable_nat nf_nat nf_conntrack nf_defrag_ipv6 nf_defrag_ipv4 xt_addrtype iptable_filter nf_tables libcrc32c nfnetlink lzo_rle lzo_compress zram zsmalloc nvme_fabrics ramoops reed_solomon bridge stp llc usb_f_ncm usb_f_mass_storage usb_f_acm u_serial algif_hash algif_skcipher usb_f_rndis af_alg u_ether bnep libcomposite rtk_btusb(O) btusb btrtl btintel btbcm snd_soc_tegra186_asrc(O) snd_soc_tegra210_admaif(O) snd_soc_tegra186_dspk(O) snd_soc_tegra_pcm snd_soc_tegra186_arad(O) snd_soc_tegra210_afc(O) snd_soc_tegra210_sfc(O) snd_soc_tegra210_mixer(O) snd_soc_tegra210_dmic(O) snd_soc_tegra210_adx(O) snd_soc_tegra210_ope(O) snd_soc_tegra210_mvc(O) snd_soc_tegra210_amx(O) snd_soc_tegra210_i2s(O) snd_soc_tegra210_ahub(O) tegra210_adma spidev nvvrs_pseq_rtc(O) snd_soc_tegra_machine_driver(O) snd_soc_tegra_utils(O) crct10dif_ce tegra23x_perf_uncore(O)
[ 7488.200815]  snd_soc_simple_card_utils tegra234_oc_event(O) nvpmodel_clk_cap(O) tegra_mce(O) thermal_trip_event(O) tegra_cactmon_mc_all(O) mttcan(O) ucsi_ccg can_dev snd_hda_codec_hdmi nvethernet(O) tegra_aconnect tegra234_aon(O) nvpps(O) snd_hda_tegra snd_hda_codec snd_hda_core snd_soc_rt5640 snd_soc_rl6231 pwm_tegra_tachometer(O) rtl8822ce(O) spi_tegra114 d4xx(O) cfg80211 max9295(O) max9296(O) nvidia(O) max96712(O) at24 tegra_pcie_dma_test(O) tegra_pcie_edma(O) mc_hwpm(O) host1x_fence(O) lm90 i2c_nvvrs11(O) nvidia_vrs_pseq(O) tegra_dce(O) nvhost_vi5(O) nvhost_isp5(O) nvhost_nvcsi_t194(O) tegra_camera(O) v4l2_dv_timings nvhost_nvcsi(O) tegra_camera_platform(O) capture_ivc(O) tegra_camera_rtcpu(O) governor_userspace ivc_bus(O) hsp_mailbox_client(O) ivc_ext(O) v4l2_fwnode v4l2_async tegra_drm(O) videobuf2_dma_contig videobuf2_memops nvhost_pva(O) nvhost_nvdla(O) tegra_wmark(O) videobuf2_v4l2 videobuf2_common videodev nvhost_capture(O) nvhwpm(O) cec mc drm_kms_helper tegra_se(O)
[ 7488.200885]  host1x_nvhost(O) crypto_engine tsecriscv(O) nvidia_p2p(O) ina3221 nvgpu(O) governor_pod_scaling(O) host1x(O) mc_utils(O) nvmap(O) nvsciipc(O) drm fuse ip_tables x_tables ipv6 pwm_fan(E) pwm_tegra(E) tegra_bpmp_thermal(E) tegra_xudc(E) typec_ucsi(E) typec(E) nvme(E) nvme_core(E) phy_tegra194_p2u(E) pcie_tegra194(E)
[ 7488.200912] CPU: 2 PID: 3428 Comm: python Tainted: G        W  OE     5.15.148-tegra #1
[ 7488.200915] Hardware name: NVIDIA NVIDIA Jetson AGX Orin Developer Kit/Jetson, BIOS 36.4.3-gcid-38968081 01/08/2025
[ 7488.200917] pstate: 60400009 (nZCv daif +PAN -UAO -TCO -DIT -SSBS BTYPE=--)
[ 7488.200920] pc : vi_capture_release+0x2d8/0x300 [tegra_camera]
[ 7488.200935] lr : vi_capture_release+0x2d8/0x300 [tegra_camera]
[ 7488.200949] sp : ffff800014e13920
[ 7488.200949] x29: ffff800014e13920 x28: ffff0000eab2ce00 x27: 0000000040045613
[ 7488.200953] x26: ffffaaab824c2f48 x25: 0000000000000000 x24: ffffaaab824c73f0
[ 7488.200956] x23: 00000000ffffff92 x22: ffff00008810f570 x21: ffff00008d34a600
[ 7488.200959] x20: 0000000000000001 x19: ffff00008d136400 x18: 0000000000000000
[ 7488.200961] x17: 000000040044ffff x16: ffffaaabd51ca290 x15: 0000000000000000
[ 7488.200964] x14: 0000000000000001 x13: 0a64656c69616620 x12: 435649206c656e6e
[ 7488.200966] x11: ffffffffffffffff x10: 0000000000000020 x9 : ffff800014e13860
[ 7488.200969] x8 : 00000000ffffffff x7 : 656e6e6168632065 x6 : 7361656c6572203a
[ 7488.200972] x5 : ffff000fa2bd29f0 x4 : 000000010000226f x3 : 0000000000000000
[ 7488.200974] x2 : 0000000000000000 x1 : 0000000000000000 x0 : ffff0000d0ac0000
[ 7488.200977] Call trace:
[ 7488.200978]  vi_capture_release+0x2d8/0x300 [tegra_camera]
[ 7488.200992]  vi5_channel_stop_streaming+0x74/0x140 [tegra_camera]
[ 7488.201006]  tegra_channel_stop_streaming+0x40/0x70 [tegra_camera]
[ 7488.201020]  __vb2_queue_cancel+0x44/0x230 [videobuf2_common]
[ 7488.201028]  vb2_core_streamoff+0x38/0xd0 [videobuf2_common]
[ 7488.201033]  vb2_ioctl_streamoff+0x6c/0xc0 [videobuf2_v4l2]
[ 7488.201039]  v4l_streamoff+0x44/0x60 [videodev]
[ 7488.201055]  __video_do_ioctl+0x190/0x400 [videodev]
[ 7488.201068]  video_usercopy+0x278/0x660 [videodev]
[ 7488.201080]  video_ioctl2+0x44/0x80 [videodev]
[ 7488.201092]  v4l2_ioctl+0x6c/0xa0 [videodev]
[ 7488.201104]  __arm64_sys_ioctl+0xb4/0x100
[ 7488.201109]  invoke_syscall+0x5c/0x130
[ 7488.201118]  el0_svc_common.constprop.0+0x64/0x110
[ 7488.201121]  do_el0_svc+0x74/0xa0
[ 7488.201124]  el0_svc+0x28/0x80
[ 7488.201131]  el0t_64_sync_handler+0xa4/0x130
[ 7488.201135]  el0t_64_sync+0x1a4/0x1a8
[ 7488.201138] ---[ end trace d05ac7fec3760cd8 ]---
[ 7489.206226] tegra-ivc-bus bc00000.rtcpu:ivc-bus:echo@0: ivc channel driver missing
[ 7489.206230] tegra-ivc-bus bc00000.rtcpu:ivc-bus:dbg@1: ivc channel driver missing
[ 7489.206233] tegra-ivc-bus bc00000.rtcpu:ivc-bus:dbg@2: ivc channel driver missing
[ 7489.206236] tegra-ivc-bus bc00000.rtcpu:ivc-bus:diag@5: ivc channel driver missing
[ 7489.249532] tegra-ivc-bus bc00000.rtcpu:ivc-bus:echo@0: ivc channel driver missing
[ 7489.249538] tegra-ivc-bus bc00000.rtcpu:ivc-bus:dbg@1: ivc channel driver missing
[ 7489.249539] tegra-ivc-bus bc00000.rtcpu:ivc-bus:dbg@2: ivc channel driver missing
[ 7489.249542] tegra-ivc-bus bc00000.rtcpu:ivc-bus:diag@5: ivc channel driver missing
[ 7489.249924] video4linux video2: vi capture release failed
[ 7489.800453] tegra-camrtc-capture-vi tegra-capture-vi: uncorr_err: request timed out after 2500 ms - attempting restart
[ 7489.800470] d4xx 9-001a: s_stream for stream D4XX depth 9-001a, vc:0, SENSOR=DEPTH on = 0
[ 7489.801710] d4xx 9-001a: stream 0 in expected state, toggling to 0 (status: 0x0001) 0ms
[ 7489.816298] d4xx 9-001a: stream 0 toggle ok to 0 in 16ms, retries 1
[ 7489.816307] d4xx 9-001a: s_stream for stream D4XX depth 9-001a, vc:0, SENSOR=DEPTH on = 1
[ 7489.817011] d4xx 9-001a: stream 0 in expected state, toggling to 1 (status: 0x0000) 0ms
[ 7489.817015] d4xx 9-001a: pipe 0 already configured (dt1=0x1e dt2=0x12 vc=0)
[ 7489.882572] d4xx 9-001a: stream 0 toggle ok to 1 in 64ms, retries 3
[ 7489.882584] tegra-camrtc-capture-vi tegra-capture-vi: err_rec: attempting to reset the capture channel
[ 7489.882642] tegra194-vi5 13e00000.host1x:vi0@15c00000: vi_capture_release: control failed, errno 1
[ 7489.882682] video4linux video0: vi capture release failed
[ 7489.882685] tegra-camrtc-capture-vi tegra-capture-vi: fatal: error recovery failed
[ 7489.882699] d4xx 9-001a: s_stream for stream D4XX depth 9-001a, vc:0, SENSOR=DEPTH on = 0
[ 7489.883416] d4xx 9-001a: stream 0 in expected state, toggling to 0 (status: 0x0001) 0ms
[ 7489.896331] d4xx 9-001a: stream 0 toggle ok to 0 in 16ms, retries 1
[ 7489.896343] t194-nvcsi 13e00000.host1x:nvcsi@15a00000: csi5_stream_close: Error in closing stream_id=0, csi_port=0
[ 7489.897173] tegra194-vi5 13e00000.host1x:vi0@15c00000: vi_capture_release: setup channel first
[ 7489.897176] video4linux video0: vi capture release failed
[ 7489.904618] tegra-camrtc-capture-vi tegra-capture-vi: uncorr_err: request timed out after 2500 ms - attempting restart
[ 7489.904633] d4xx 9-001c: s_stream for stream D4XX ir 9-001a, vc:2, SENSOR=Y8 on = 0
[ 7489.905385] d4xx 9-001c: stream 4 in expected state, toggling to 0 (status: 0x0001) 0ms
[ 7489.918271] d4xx 9-001c: stream 4 toggle ok to 0 in 12ms, retries 1
[ 7489.918278] d4xx 9-001c: s_stream for stream D4XX ir 9-001a, vc:2, SENSOR=Y8 on = 1
[ 7489.918980] d4xx 9-001c: stream 4 in expected state, toggling to 1 (status: 0x0000) 0ms
[ 7489.918984] d4xx 9-001c: pipe 2 already configured (dt1=0x2a dt2=0x12 vc=2)
[ 7490.140690] d4xx 9-001c: stream 4 toggle ok to 1 in 224ms, retries 6
[ 7490.140701] tegra-camrtc-capture-vi tegra-capture-vi: err_rec: attempting to reset the capture channel
[ 7491.144393] tegra194-vi5 13e00000.host1x:vi0@15c00000: capture control message timed out
[ 7491.144406] tegra194-vi5 13e00000.host1x:vi0@15c00000: vi_capture_release: release channel IVC failed
[ 7491.144469] ------------[ cut here ]------------
[ 7491.144472] WARNING: CPU: 1 PID: 8440 at /home/nlyskov/repos/realsense_mipi_platform_driver/sources_6.2/nvidia-oot/drivers/media/platform/tegra/camera/fusa-capture/capture-vi.c:954 vi_capture_release+0x2d8/0x300 [tegra_camera]
[ 7491.144527] Modules linked in: nvidia_drm(O) nvidia_modeset(OE) xt_conntrack xt_MASQUERADE ip6table_nat ip6table_filter ip6_tables iptable_nat nf_nat nf_conntrack nf_defrag_ipv6 nf_defrag_ipv4 xt_addrtype iptable_filter nf_tables libcrc32c nfnetlink lzo_rle lzo_compress zram zsmalloc nvme_fabrics ramoops reed_solomon bridge stp llc usb_f_ncm usb_f_mass_storage usb_f_acm u_serial algif_hash algif_skcipher usb_f_rndis af_alg u_ether bnep libcomposite rtk_btusb(O) btusb btrtl btintel btbcm snd_soc_tegra186_asrc(O) snd_soc_tegra210_admaif(O) snd_soc_tegra186_dspk(O) snd_soc_tegra_pcm snd_soc_tegra186_arad(O) snd_soc_tegra210_afc(O) snd_soc_tegra210_sfc(O) snd_soc_tegra210_mixer(O) snd_soc_tegra210_dmic(O) snd_soc_tegra210_adx(O) snd_soc_tegra210_ope(O) snd_soc_tegra210_mvc(O) snd_soc_tegra210_amx(O) snd_soc_tegra210_i2s(O) snd_soc_tegra210_ahub(O) tegra210_adma spidev nvvrs_pseq_rtc(O) snd_soc_tegra_machine_driver(O) snd_soc_tegra_utils(O) crct10dif_ce tegra23x_perf_uncore(O)
[ 7491.144617]  snd_soc_simple_card_utils tegra234_oc_event(O) nvpmodel_clk_cap(O) tegra_mce(O) thermal_trip_event(O) tegra_cactmon_mc_all(O) mttcan(O) ucsi_ccg can_dev snd_hda_codec_hdmi nvethernet(O) tegra_aconnect tegra234_aon(O) nvpps(O) snd_hda_tegra snd_hda_codec snd_hda_core snd_soc_rt5640 snd_soc_rl6231 pwm_tegra_tachometer(O) rtl8822ce(O) spi_tegra114 d4xx(O) cfg80211 max9295(O) max9296(O) nvidia(O) max96712(O) at24 tegra_pcie_dma_test(O) tegra_pcie_edma(O) mc_hwpm(O) host1x_fence(O) lm90 i2c_nvvrs11(O) nvidia_vrs_pseq(O) tegra_dce(O) nvhost_vi5(O) nvhost_isp5(O) nvhost_nvcsi_t194(O) tegra_camera(O) v4l2_dv_timings nvhost_nvcsi(O) tegra_camera_platform(O) capture_ivc(O) tegra_camera_rtcpu(O) governor_userspace ivc_bus(O) hsp_mailbox_client(O) ivc_ext(O) v4l2_fwnode v4l2_async tegra_drm(O) videobuf2_dma_contig videobuf2_memops nvhost_pva(O) nvhost_nvdla(O) tegra_wmark(O) videobuf2_v4l2 videobuf2_common videodev nvhost_capture(O) nvhwpm(O) cec mc drm_kms_helper tegra_se(O)
[ 7491.144712]  host1x_nvhost(O) crypto_engine tsecriscv(O) nvidia_p2p(O) ina3221 nvgpu(O) governor_pod_scaling(O) host1x(O) mc_utils(O) nvmap(O) nvsciipc(O) drm fuse ip_tables x_tables ipv6 pwm_fan(E) pwm_tegra(E) tegra_bpmp_thermal(E) tegra_xudc(E) typec_ucsi(E) typec(E) nvme(E) nvme_core(E) phy_tegra194_p2u(E) pcie_tegra194(E)
[ 7491.144752] CPU: 1 PID: 8440 Comm: vi-output, DS5  Tainted: G        W  OE     5.15.148-tegra #1
[ 7491.144760] Hardware name: NVIDIA NVIDIA Jetson AGX Orin Developer Kit/Jetson, BIOS 36.4.3-gcid-38968081 01/08/2025
[ 7491.144763] pstate: 60400009 (nZCv daif +PAN -UAO -TCO -DIT -SSBS BTYPE=--)
[ 7491.144770] pc : vi_capture_release+0x2d8/0x300 [tegra_camera]
[ 7491.144805] lr : vi_capture_release+0x2d8/0x300 [tegra_camera]
[ 7491.144837] sp : ffff8000151e3c00
[ 7491.144840] x29: ffff8000151e3c00 x28: 0000000000000000 x27: 0000000000000000
[ 7491.144848] x26: 0000000000000000 x25: ffff0000875fd570 x24: ffff0000875fdee8
[ 7491.144854] x23: 00000000ffffff92 x22: 0000000000000000 x21: ffff0000eb345b00
[ 7491.144860] x20: 0000000000000001 x19: ffff00008d233800 x18: 0000000000000000
[ 7491.144866] x17: 000000040044ffff x16: ffffaaabd51ca290 x15: 0000000000000000
[ 7491.144873] x14: 0000000000000001 x13: 0a64656c69616620 x12: 435649206c656e6e
[ 7491.144879] x11: ffffffffffffffff x10: 0000000000000020 x9 : ffff8000151e3b40
[ 7491.144885] x8 : 00000000ffffffff x7 : 656e6e6168632065 x6 : 7361656c6572203a
[ 7491.144891] x5 : ffff000fa2bb59f0 x4 : 00000001000022be x3 : 0000000000000000
[ 7491.144896] x2 : 0000000000000000 x1 : 0000000000000000 x0 : ffff000080d3ae80
[ 7491.144903] Call trace:
[ 7491.144905]  vi_capture_release+0x2d8/0x300 [tegra_camera]
[ 7491.144938]  vi5_channel_error_recover+0x54/0x1f0 [tegra_camera]
[ 7491.144972]  tegra_channel_error_recover+0x80/0xa0 [tegra_camera]
[ 7491.145004]  tegra_channel_kthread_capture_dequeue+0x148/0x200 [tegra_camera]
[ 7491.145036]  kthread+0x184/0x190
[ 7491.145050]  ret_from_fork+0x10/0x20
[ 7491.145062] ---[ end trace d05ac7fec3760cd9 ]---
[ 7492.150525] tegra-ivc-bus bc00000.rtcpu:ivc-bus:echo@0: ivc channel driver missing
[ 7492.150535] tegra-ivc-bus bc00000.rtcpu:ivc-bus:dbg@1: ivc channel driver missing
[ 7492.150541] tegra-ivc-bus bc00000.rtcpu:ivc-bus:dbg@2: ivc channel driver missing
[ 7492.150547] tegra-ivc-bus bc00000.rtcpu:ivc-bus:diag@5: ivc channel driver missing
[ 7492.193884] tegra-ivc-bus bc00000.rtcpu:ivc-bus:echo@0: ivc channel driver missing
[ 7492.193890] tegra-ivc-bus bc00000.rtcpu:ivc-bus:dbg@1: ivc channel driver missing
[ 7492.193892] tegra-ivc-bus bc00000.rtcpu:ivc-bus:dbg@2: ivc channel driver missing
[ 7492.193895] tegra-ivc-bus bc00000.rtcpu:ivc-bus:diag@5: ivc channel driver missing
[ 7492.194480] ------------[ cut here ]------------
[ 7492.194482] capture channel 0 is idle
[ 7492.194519] WARNING: CPU: 7 PID: 8440 at /home/nlyskov/repos/realsense_mipi_platform_driver/sources_6.2/nvidia-oot/drivers/platform/tegra/rtcpu/capture-ivc.c:325 tegra_capture_ivc_unregister_capture_cb+0xac/0xe0 [capture_ivc]
[ 7492.194530] Modules linked in: nvidia_drm(O) nvidia_modeset(OE) xt_conntrack xt_MASQUERADE ip6table_nat ip6table_filter ip6_tables iptable_nat nf_nat nf_conntrack nf_defrag_ipv6 nf_defrag_ipv4 xt_addrtype iptable_filter nf_tables libcrc32c nfnetlink lzo_rle lzo_compress zram zsmalloc nvme_fabrics ramoops reed_solomon bridge stp llc usb_f_ncm usb_f_mass_storage usb_f_acm u_serial algif_hash algif_skcipher usb_f_rndis af_alg u_ether bnep libcomposite rtk_btusb(O) btusb btrtl btintel btbcm snd_soc_tegra186_asrc(O) snd_soc_tegra210_admaif(O) snd_soc_tegra186_dspk(O) snd_soc_tegra_pcm snd_soc_tegra186_arad(O) snd_soc_tegra210_afc(O) snd_soc_tegra210_sfc(O) snd_soc_tegra210_mixer(O) snd_soc_tegra210_dmic(O) snd_soc_tegra210_adx(O) snd_soc_tegra210_ope(O) snd_soc_tegra210_mvc(O) snd_soc_tegra210_amx(O) snd_soc_tegra210_i2s(O) snd_soc_tegra210_ahub(O) tegra210_adma spidev nvvrs_pseq_rtc(O) snd_soc_tegra_machine_driver(O) snd_soc_tegra_utils(O) crct10dif_ce tegra23x_perf_uncore(O)
[ 7492.194567]  snd_soc_simple_card_utils tegra234_oc_event(O) nvpmodel_clk_cap(O) tegra_mce(O) thermal_trip_event(O) tegra_cactmon_mc_all(O) mttcan(O) ucsi_ccg can_dev snd_hda_codec_hdmi nvethernet(O) tegra_aconnect tegra234_aon(O) nvpps(O) snd_hda_tegra snd_hda_codec snd_hda_core snd_soc_rt5640 snd_soc_rl6231 pwm_tegra_tachometer(O) rtl8822ce(O) spi_tegra114 d4xx(O) cfg80211 max9295(O) max9296(O) nvidia(O) max96712(O) at24 tegra_pcie_dma_test(O) tegra_pcie_edma(O) mc_hwpm(O) host1x_fence(O) lm90 i2c_nvvrs11(O) nvidia_vrs_pseq(O) tegra_dce(O) nvhost_vi5(O) nvhost_isp5(O) nvhost_nvcsi_t194(O) tegra_camera(O) v4l2_dv_timings nvhost_nvcsi(O) tegra_camera_platform(O) capture_ivc(O) tegra_camera_rtcpu(O) governor_userspace ivc_bus(O) hsp_mailbox_client(O) ivc_ext(O) v4l2_fwnode v4l2_async tegra_drm(O) videobuf2_dma_contig videobuf2_memops nvhost_pva(O) nvhost_nvdla(O) tegra_wmark(O) videobuf2_v4l2 videobuf2_common videodev nvhost_capture(O) nvhwpm(O) cec mc drm_kms_helper tegra_se(O)
[ 7492.194605]  host1x_nvhost(O) crypto_engine tsecriscv(O) nvidia_p2p(O) ina3221 nvgpu(O) governor_pod_scaling(O) host1x(O) mc_utils(O) nvmap(O) nvsciipc(O) drm fuse ip_tables x_tables ipv6 pwm_fan(E) pwm_tegra(E) tegra_bpmp_thermal(E) tegra_xudc(E) typec_ucsi(E) typec(E) nvme(E) nvme_core(E) phy_tegra194_p2u(E) pcie_tegra194(E)
[ 7492.194623] CPU: 7 PID: 8440 Comm: vi-output, DS5  Tainted: G        W  OE     5.15.148-tegra #1
[ 7492.194625] Hardware name: NVIDIA NVIDIA Jetson AGX Orin Developer Kit/Jetson, BIOS 36.4.3-gcid-38968081 01/08/2025
[ 7492.194627] pstate: 60400009 (nZCv daif +PAN -UAO -TCO -DIT -SSBS BTYPE=--)
[ 7492.194630] pc : tegra_capture_ivc_unregister_capture_cb+0xac/0xe0 [capture_ivc]
[ 7492.194633] lr : tegra_capture_ivc_unregister_capture_cb+0xac/0xe0 [capture_ivc]
[ 7492.194636] sp : ffff8000151e3bd0
[ 7492.194637] x29: ffff8000151e3bd0 x28: 0000000000000000 x27: 0000000000000000
[ 7492.194640] x26: 0000000000000000 x25: ffff0000875fd570 x24: ffff0000875fdee8
[ 7492.194642] x23: 00000000fffffffb x22: 0000000000000000 x21: ffff00008c6ac088
[ 7492.194645] x20: ffff00008c6ac080 x19: 0000000000000000 x18: ffffffffffffffff
[ 7492.194647] x17: 696d207265766972 x16: ffffaaabd51c0710 x15: ffffaaabd6768232
[ 7492.194650] x14: ffffffffffffffff x13: ffffaaabd6768228 x12: 2065727574706163
[ 7492.194652] x11: ffffffffffffffff x10: ffffaaabd638bd00 x9 : ffff8000151e3bd0
[ 7492.194654] x8 : ffff8000151e3bd0 x7 : 656c646920736920 x6 : 656c646920736920
[ 7492.194657] x5 : ffff000fa2c639f0 x4 : 00000001000022e5 x3 : ffffaaabd63d83c0
[ 7492.194659] x2 : 0000000000000000 x1 : 0000000000000000 x0 : ffff000080d3ae80
[ 7492.194661] Call trace:
[ 7492.194663]  tegra_capture_ivc_unregister_capture_cb+0xac/0xe0 [capture_ivc]
[ 7492.194666]  vi_capture_release+0xe4/0x300 [tegra_camera]
[ 7492.194684]  vi5_channel_error_recover+0x54/0x1f0 [tegra_camera]
[ 7492.194698]  tegra_channel_error_recover+0x80/0xa0 [tegra_camera]
[ 7492.194712]  tegra_channel_kthread_capture_dequeue+0x148/0x200 [tegra_camera]
[ 7492.194726]  kthread+0x184/0x190
[ 7492.194730]  ret_from_fork+0x10/0x20
[ 7492.194733] ---[ end trace d05ac7fec3760cda ]---
[ 7492.295406] ------------[ cut here ]------------
[ 7492.295408] control channel 0 is idle
[ 7492.295428] WARNING: CPU: 7 PID: 8440 at /home/nlyskov/repos/realsense_mipi_platform_driver/sources_6.2/nvidia-oot/drivers/platform/tegra/rtcpu/capture-ivc.c:281 tegra_capture_ivc_unregister_control_cb+0x12c/0x150 [capture_ivc]
[ 7492.295435] Modules linked in: nvidia_drm(O) nvidia_modeset(OE) xt_conntrack xt_MASQUERADE ip6table_nat ip6table_filter ip6_tables iptable_nat nf_nat nf_conntrack nf_defrag_ipv6 nf_defrag_ipv4 xt_addrtype iptable_filter nf_tables libcrc32c nfnetlink lzo_rle lzo_compress zram zsmalloc nvme_fabrics ramoops reed_solomon bridge stp llc usb_f_ncm usb_f_mass_storage usb_f_acm u_serial algif_hash algif_skcipher usb_f_rndis af_alg u_ether bnep libcomposite rtk_btusb(O) btusb btrtl btintel btbcm snd_soc_tegra186_asrc(O) snd_soc_tegra210_admaif(O) snd_soc_tegra186_dspk(O) snd_soc_tegra_pcm snd_soc_tegra186_arad(O) snd_soc_tegra210_afc(O) snd_soc_tegra210_sfc(O) snd_soc_tegra210_mixer(O) snd_soc_tegra210_dmic(O) snd_soc_tegra210_adx(O) snd_soc_tegra210_ope(O) snd_soc_tegra210_mvc(O) snd_soc_tegra210_amx(O) snd_soc_tegra210_i2s(O) snd_soc_tegra210_ahub(O) tegra210_adma spidev nvvrs_pseq_rtc(O) snd_soc_tegra_machine_driver(O) snd_soc_tegra_utils(O) crct10dif_ce tegra23x_perf_uncore(O)
[ 7492.295469]  snd_soc_simple_card_utils tegra234_oc_event(O) nvpmodel_clk_cap(O) tegra_mce(O) thermal_trip_event(O) tegra_cactmon_mc_all(O) mttcan(O) ucsi_ccg can_dev snd_hda_codec_hdmi nvethernet(O) tegra_aconnect tegra234_aon(O) nvpps(O) snd_hda_tegra snd_hda_codec snd_hda_core snd_soc_rt5640 snd_soc_rl6231 pwm_tegra_tachometer(O) rtl8822ce(O) spi_tegra114 d4xx(O) cfg80211 max9295(O) max9296(O) nvidia(O) max96712(O) at24 tegra_pcie_dma_test(O) tegra_pcie_edma(O) mc_hwpm(O) host1x_fence(O) lm90 i2c_nvvrs11(O) nvidia_vrs_pseq(O) tegra_dce(O) nvhost_vi5(O) nvhost_isp5(O) nvhost_nvcsi_t194(O) tegra_camera(O) v4l2_dv_timings nvhost_nvcsi(O) tegra_camera_platform(O) capture_ivc(O) tegra_camera_rtcpu(O) governor_userspace ivc_bus(O) hsp_mailbox_client(O) ivc_ext(O) v4l2_fwnode v4l2_async tegra_drm(O) videobuf2_dma_contig videobuf2_memops nvhost_pva(O) nvhost_nvdla(O) tegra_wmark(O) videobuf2_v4l2 videobuf2_common videodev nvhost_capture(O) nvhwpm(O) cec mc drm_kms_helper tegra_se(O)
[ 7492.295503]  host1x_nvhost(O) crypto_engine tsecriscv(O) nvidia_p2p(O) ina3221 nvgpu(O) governor_pod_scaling(O) host1x(O) mc_utils(O) nvmap(O) nvsciipc(O) drm fuse ip_tables x_tables ipv6 pwm_fan(E) pwm_tegra(E) tegra_bpmp_thermal(E) tegra_xudc(E) typec_ucsi(E) typec(E) nvme(E) nvme_core(E) phy_tegra194_p2u(E) pcie_tegra194(E)
[ 7492.295516] CPU: 7 PID: 8440 Comm: vi-output, DS5  Tainted: G        W  OE     5.15.148-tegra #1
[ 7492.295518] Hardware name: NVIDIA NVIDIA Jetson AGX Orin Developer Kit/Jetson, BIOS 36.4.3-gcid-38968081 01/08/2025
[ 7492.295519] pstate: 60400009 (nZCv daif +PAN -UAO -TCO -DIT -SSBS BTYPE=--)
[ 7492.295522] pc : tegra_capture_ivc_unregister_control_cb+0x12c/0x150 [capture_ivc]
[ 7492.295525] lr : tegra_capture_ivc_unregister_control_cb+0x12c/0x150 [capture_ivc]
[ 7492.295528] sp : ffff8000151e3bc0
[ 7492.295529] x29: ffff8000151e3bc0 x28: 0000000000000000 x27: 0000000000000000
[ 7492.295531] x26: 0000000000000000 x25: ffff0000875fd570 x24: ffff0000875fdee8
[ 7492.295533] x23: 0000000000000000 x22: ffff00008db08088 x21: ffff00008db08080
[ 7492.295536] x20: ffff00008db08080 x19: 0000000000000000 x18: ffffffffffffffff
[ 7492.295538] x17: 696d207265766972 x16: ffffaaabd51c0710 x15: ffffaaabd676936a
[ 7492.295540] x14: ffffffffffffffff x13: ffffaaabd6769360 x12: 206c6f72746e6f63
[ 7492.295542] x11: ffffffffffffffff x10: ffffaaabd638c7a8 x9 : ffff8000151e3bc0
[ 7492.295545] x8 : ffff8000151e3bc0 x7 : 656c646920736920 x6 : 656c646920736920
[ 7492.295547] x5 : ffff000fa2c639f0 x4 : 0000000100002304 x3 : ffffaaabd63d86a8
[ 7492.295550] x2 : 0000000000000000 x1 : 0000000000000000 x0 : ffff000080d3ae80
[ 7492.295552] Call trace:
[ 7492.295553]  tegra_capture_ivc_unregister_control_cb+0x12c/0x150 [capture_ivc]
[ 7492.295556]  vi_capture_release+0x100/0x300 [tegra_camera]
[ 7492.295571]  vi5_channel_error_recover+0x54/0x1f0 [tegra_camera]
[ 7492.295585]  tegra_channel_error_recover+0x80/0xa0 [tegra_camera]
[ 7492.295599]  tegra_channel_kthread_capture_dequeue+0x148/0x200 [tegra_camera]
[ 7492.295613]  kthread+0x184/0x190
[ 7492.295617]  ret_from_fork+0x10/0x20
[ 7492.295620] ---[ end trace d05ac7fec3760cdb ]---
[ 7493.300682] video4linux video4: vi capture release failed
[ 7493.300687] tegra-camrtc-capture-vi tegra-capture-vi: fatal: error recovery failed
[ 7493.300717] d4xx 9-001c: s_stream for stream D4XX ir 9-001a, vc:2, SENSOR=Y8 on = 0
[ 7493.301998] d4xx 9-001c: stream 4 in expected state, toggling to 0 (status: 0x0001) 0ms
[ 7493.315557] d4xx 9-001c: stream 4 toggle ok to 0 in 12ms, retries 1
[ 7493.317329] tegra194-vi5 13e00000.host1x:vi0@15c00000: vi_capture_release: setup channel first
[ 7493.317335] video4linux video4: vi capture release failed
[ 7495.207679] d4xx 9-001a: s_stream for stream D4XX depth 9-001a, vc:0, SENSOR=DEPTH on = 1
[ 7495.208442] d4xx 9-001a: stream 0 in expected state, toggling to 1 (status: 0x0000) 4ms
[ 7495.208451] d4xx 9-001a: pipe 0 already configured (dt1=0x1e dt2=0x12 vc=0)
[ 7495.367157] d4xx 9-001a: stream 0 toggle ok to 1 in 156ms, retries 5
[ 7495.370163] d4xx 9-001b: s_stream for stream D4XX rgb 9-001a, vc:1, SENSOR=RGB on = 1
[ 7495.370888] d4xx 9-001b: stream 1 in expected state, toggling to 1 (status: 0x0000) 0ms
[ 7495.370892] d4xx 9-001b: pipe 1 already configured (dt1=0x1e dt2=0x12 vc=1)
[ 7495.835632] d4xx 9-001b: stream 1 toggle ok to 1 in 464ms, retries 9
[ 7495.838865] d4xx 9-001c: s_stream for stream D4XX ir 9-001a, vc:2, SENSOR=Y8 on = 1
[ 7495.839583] d4xx 9-001c: stream 4 in expected state, toggling to 1 (status: 0x0000) 0ms
[ 7495.839588] d4xx 9-001c: pipe 2 already configured (dt1=0x2a dt2=0x12 vc=2)
[ 7495.905488] d4xx 9-001c: stream 4 toggle ok to 1 in 68ms, retries 3
[ 7511.134144] d4xx 9-001b: s_stream for stream D4XX rgb 9-001a, vc:1, SENSOR=RGB on = 0
[ 7511.134925] d4xx 9-001b: stream 1 in expected state, toggling to 0 (status: 0x0001) 0ms
[ 7511.148107] d4xx 9-001b: stream 1 toggle ok to 0 in 16ms, retries 1
[ 7511.166773] d4xx 9-001a: s_stream for stream D4XX depth 9-001a, vc:0, SENSOR=DEPTH on = 0
[ 7511.167512] d4xx 9-001a: stream 0 in expected state, toggling to 0 (status: 0x0001) 4ms
[ 7511.180401] d4xx 9-001a: stream 0 toggle ok to 0 in 12ms, retries 1
[ 7511.200097] tegra-camrtc-capture-vi tegra-capture-vi: corr_err: discarding frame 0, flags: 0, err_data 262144
[ 7511.200117] d4xx 9-001c: s_stream for stream D4XX ir 9-001a, vc:2, SENSOR=Y8 on = 0
[ 7511.200838] d4xx 9-001c: stream 4 in expected state, toggling to 0 (status: 0x0001) 0ms
[ 7511.213731] d4xx 9-001c: stream 4 toggle ok to 0 in 12ms, retries 1
[ 7512.768968] d4xx 9-001a: s_stream for stream D4XX depth 9-001a, vc:0, SENSOR=DEPTH on = 1
[ 7512.769705] d4xx 9-001a: stream 0 in expected state, toggling to 1 (status: 0x0000) 0ms
[ 7512.769709] d4xx 9-001a: pipe 0 already configured (dt1=0x1e dt2=0x12 vc=0)
[ 7512.927994] d4xx 9-001a: stream 0 toggle ok to 1 in 160ms, retries 5
[ 7512.930042] d4xx 9-001b: s_stream for stream D4XX rgb 9-001a, vc:1, SENSOR=RGB on = 1
[ 7512.930765] d4xx 9-001b: stream 1 in expected state, toggling to 1 (status: 0x0000) 0ms
[ 7512.930771] d4xx 9-001b: pipe 1 already configured (dt1=0x1e dt2=0x12 vc=1)
[ 7513.394787] d4xx 9-001b: stream 1 toggle ok to 1 in 464ms, retries 9
[ 7513.398249] d4xx 9-001c: s_stream for stream D4XX ir 9-001a, vc:2, SENSOR=Y8 on = 1
[ 7513.398970] d4xx 9-001c: stream 4 in expected state, toggling to 1 (status: 0x0000) 4ms
[ 7513.398976] d4xx 9-001c: pipe 2 already configured (dt1=0x2a dt2=0x12 vc=2)
[ 7513.506131] d4xx 9-001c: stream 4 toggle ok to 1 in 104ms, retries 4
[ 7528.728971] d4xx 9-001b: s_stream for stream D4XX rgb 9-001a, vc:1, SENSOR=RGB on = 0
[ 7528.729733] d4xx 9-001b: stream 1 in expected state, toggling to 0 (status: 0x0001) 0ms
[ 7528.742745] d4xx 9-001b: stream 1 toggle ok to 0 in 16ms, retries 1
[ 7528.761752] d4xx 9-001a: s_stream for stream D4XX depth 9-001a, vc:0, SENSOR=DEPTH on = 0
[ 7528.762490] d4xx 9-001a: stream 0 in expected state, toggling to 0 (status: 0x0001) 4ms
[ 7528.775450] d4xx 9-001a: stream 0 toggle ok to 0 in 12ms, retries 1
[ 7528.795095] tegra-camrtc-capture-vi tegra-capture-vi: corr_err: discarding frame 0, flags: 0, err_data 262144
[ 7528.795135] d4xx 9-001c: s_stream for stream D4XX ir 9-001a, vc:2, SENSOR=Y8 on = 0
[ 7528.795881] d4xx 9-001c: stream 4 in expected state, toggling to 0 (status: 0x0001) 0ms
[ 7528.808772] d4xx 9-001c: stream 4 toggle ok to 0 in 12ms, retries 1
[ 7530.372913] d4xx 9-001a: s_stream for stream D4XX depth 9-001a, vc:0, SENSOR=DEPTH on = 1
[ 7530.373661] d4xx 9-001a: stream 0 in expected state, toggling to 1 (status: 0x0000) 0ms
[ 7530.373669] d4xx 9-001a: pipe 0 already configured (dt1=0x1e dt2=0x12 vc=0)
[ 7530.533182] d4xx 9-001a: stream 0 toggle ok to 1 in 160ms, retries 5
[ 7530.535567] d4xx 9-001b: s_stream for stream D4XX rgb 9-001a, vc:1, SENSOR=RGB on = 1
[ 7530.536295] d4xx 9-001b: stream 1 in expected state, toggling to 1 (status: 0x0000) 0ms
[ 7530.536300] d4xx 9-001b: pipe 1 already configured (dt1=0x1e dt2=0x12 vc=1)
[ 7531.000498] d4xx 9-001b: stream 1 toggle ok to 1 in 464ms, retries 9
[ 7531.004519] d4xx 9-001c: s_stream for stream D4XX ir 9-001a, vc:2, SENSOR=Y8 on = 1
[ 7531.005339] d4xx 9-001c: stream 4 in expected state, toggling to 1 (status: 0x0000) 0ms
[ 7531.005344] d4xx 9-001c: pipe 2 already configured (dt1=0x2a dt2=0x12 vc=2)
[ 7531.112385] d4xx 9-001c: stream 4 toggle ok to 1 in 108ms, retries 4
client_loop: send disconnect: Connection reset
PS C:\Users\lab_alglab.VTGDSK142> ssh nvidia@fw-orin-1
nvidia@fw-orin-1's password:
Welcome to Ubuntu 22.04.5 LTS (GNU/Linux 5.15.148-tegra aarch64)

 * Documentation:  https://help.ubuntu.com
 * Management:     https://landscape.canonical.com
 * Support:        https://ubuntu.com/pro

This system has been minimized by removing packages and content that are
not required on a system that users do not log into.

To restore this content, you can run the 'unminimize' command.

Expanded Security Maintenance for Applications is not enabled.

366 updates can be applied immediately.
230 of these updates are standard security updates.
To see these additional updates run: apt list --upgradable

78 additional security updates can be applied with ESM Apps.
Learn more about enabling ESM Apps service at https://ubuntu.com/esm

Last login: Thu Feb 19 19:30:50 2026 from 192.168.24.105
nvidia@fw-orin-1:~$ sudo dmesg -w
[    0.000000] Booting Linux on physical CPU 0x0000000000 [0x410fd421]
[    0.000000] Linux version 5.15.148-tegra (nlyskov@rslnx-kernel) (aarch64-buildroot-linux-gnu-gcc.br_real (Buildroot 2022.08) 11.3.0, GNU ld (GNU Binutils) 2.38) #1 SMP PREEMPT Thu Feb 19 12:45:06 IST 2026 ()
[    0.000000] Machine model: NVIDIA Jetson AGX Orin Developer Kit
[    0.000000] efi: EFI v2.70 by EDK II
[    0.000000] efi: RTPROP=0x1027f8f198 TPMFinalLog=0x1018b50000 SMBIOS=0xffff0000 SMBIOS 3.0=0x1027980000 MEMATTR=0x1021970018 ESRT=0x1021971f98 TPMEventLog=0x1018b68018 RNG=0x1015180018 MEMRESERVE=0x1018b6ac18
[    0.000000] random: crng init done
[    0.000000] secureboot: Secure boot disabled
[    0.000000] esrt: Reserving ESRT space from 0x0000001021971f98 to 0x0000001021971fd0.
[    0.000000] Reserved memory: created CMA memory pool at 0x0000000ff4000000, size 512 MiB
[    0.000000] OF: reserved mem: initialized node linux,cma, compatible id shared-dma-pool
[    0.000000] NUMA: No NUMA configuration found
[    0.000000] NUMA: Faking a node at [mem 0x0000000080000000-0x0000001033ffffff]
[    0.000000] NUMA: NODE_DATA [mem 0x1022d0d800-0x1022d0ffff]
[    0.000000] Zone ranges:
[    0.000000]   DMA      [mem 0x0000000080000000-0x00000000ffffffff]
[    0.000000]   DMA32    empty
[    0.000000]   Normal   [mem 0x0000000100000000-0x0000001033ffffff]
[    0.000000] Movable zone start for each node
[    0.000000] Early memory node ranges
[    0.000000]   node   0: [mem 0x0000000080000000-0x00000000fffdffff]
[    0.000000]   node   0: [mem 0x00000000fffe0000-0x00000000ffffffff]
[    0.000000]   node   0: [mem 0x0000000100000000-0x00000010189b4fff]
[    0.000000]   node   0: [mem 0x00000010189b5000-0x0000001018b5ffff]
[    0.000000]   node   0: [mem 0x0000001018b60000-0x0000001018b6afff]
[    0.000000]   node   0: [mem 0x0000001018b6b000-0x0000001018b6bfff]
[    0.000000]   node   0: [mem 0x0000001018b6c000-0x000000102604ffff]
[    0.000000]   node   0: [mem 0x0000001026050000-0x0000001027f8ffff]
[    0.000000]   node   0: [mem 0x0000001027f90000-0x000000102c5fffff]
[    0.000000]   node   0: [mem 0x000000102c600000-0x000000102c7fffff]
[    0.000000]   node   0: [mem 0x000000102c800000-0x000000102cd6ffff]
[    0.000000]   node   0: [mem 0x000000102d700000-0x000000102d7fffff]
[    0.000000]   node   0: [mem 0x0000001032000000-0x0000001033ffffff]
[    0.000000] mminit::pageflags_layout_widths Section 0 Node 4 Zone 2 Lastcpupid 16 Kasantag 0 Flags 24
[    0.000000] mminit::pageflags_layout_shifts Section 21 Node 4 Zone 2 Lastcpupid 16 Kasantag 0
[    0.000000] mminit::pageflags_layout_pgshifts Section 0 Node 60 Zone 58 Lastcpupid 42 Kasantag 0
[    0.000000] mminit::pageflags_layout_nodezoneid Node/Zone ID: 64 -> 58
[    0.000000] mminit::pageflags_layout_usage location: 64 -> 42 layout 42 -> 24 unused 24 -> 0 page-flags
[    0.000000] Initmem setup node 0 [mem 0x0000000080000000-0x0000001033ffffff]
[    0.000000] mminit::memmap_init Initialising map node 0 zone 0 pfns 524288 -> 1048576
[    0.000000] mminit::memmap_init Initialising map node 0 zone 2 pfns 1048576 -> 16990208
[    0.000000] On node 0, zone Normal: 2448 pages in unavailable ranges
[    0.000000] On node 0, zone Normal: 18432 pages in unavailable ranges
[    0.000000] On node 0, zone Normal: 16384 pages in unavailable ranges
[    0.000000] psci: probing for conduit method from DT.
[    0.000000] psci: PSCIv1.1 detected in firmware.
[    0.000000] psci: Using standard PSCI v0.2 function IDs
[    0.000000] psci: Trusted OS migration not required
[    0.000000] psci: SMC Calling Convention v1.2
[    0.000000] percpu: Embedded 29 pages/cpu s80408 r8192 d30184 u118784
[    0.000000] pcpu-alloc: s80408 r8192 d30184 u118784 alloc=29*4096
[    0.000000] pcpu-alloc: [0] 00 [0] 01 [0] 02 [0] 03 [0] 04 [0] 05 [0] 06 [0] 07
[    0.000000] pcpu-alloc: [0] 08 [0] 09 [0] 10 [0] 11
[    0.000000] Detected PIPT I-cache on CPU0
[    0.000000] CPU features: detected: Address authentication (architected algorithm)
[    0.000000] CPU features: detected: GIC system register CPU interface
[    0.000000] CPU features: detected: Virtualization Host Extensions
[    0.000000] CPU features: detected: Hardware dirty bit management
[    0.000000] CPU features: detected: Spectre-v4
[    0.000000] CPU features: detected: Spectre-BHB
[    0.000000] CPU features: kernel page table isolation forced ON by KASLR
[    0.000000] CPU features: detected: Kernel page table isolation (KPTI)
[    0.000000] alternatives: patching kernel code
[    0.000000] mminit::zonelist general 0:DMA = 0:DMA
[    0.000000] mminit::zonelist general 0:Normal = 0:Normal 0:DMA
[    0.000000] mminit::zonelist thisnode 0:DMA = 0:DMA
[    0.000000] mminit::zonelist thisnode 0:Normal = 0:Normal 0:DMA
[    0.000000] Built 1 zonelists, mobility grouping on.  Total pages: 16187760
[    0.000000] Policy zone: Normal
[    0.000000] Kernel command line: root=/dev/nvme0n1p1 rw rootwait rootfstype=ext4 mminit_loglevel=4 console=ttyTCU0,115200 console=ttyAMA0,115200 firmware_class.path=/etc/firmware fbcon=map:0 nospectre_bhb video=efifb:off console=tty0 nv-auto-config bl_prof_dataptr=2031616@0x102C610000 bl_prof_ro_ptr=65536@0x102C600000
[    0.000000] Unknown kernel command line parameters "nv-auto-config bl_prof_dataptr=2031616@0x102C610000 bl_prof_ro_ptr=65536@0x102C600000", will be passed to user space.
[    0.000000] Dentry cache hash table entries: 8388608 (order: 14, 67108864 bytes, linear)
[    0.000000] Inode-cache hash table entries: 4194304 (order: 13, 33554432 bytes, linear)
[    0.000000] mem auto-init: stack:off, heap alloc:off, heap free:off
[    0.000000] software IO TLB: mapped [mem 0x00000000fbfe0000-0x00000000fffe0000] (64MB)
[    0.000000] Memory: 63802028K/65780160K available (19456K kernel code, 4064K rwdata, 10060K rodata, 7616K init, 529K bss, 1453844K reserved, 524288K cma-reserved)
[    0.000000] SLUB: HWalign=64, Order=0-3, MinObjects=0, CPUs=12, Nodes=1
[    0.000000] trace event string verifier disabled
[    0.000000] rcu: Preemptible hierarchical RCU implementation.
[    0.000000] rcu:     RCU event tracing is enabled.
[    0.000000] rcu:     RCU restricting CPUs from NR_CPUS=256 to nr_cpu_ids=12.
[    0.000000]  Trampoline variant of Tasks RCU enabled.
[    0.000000]  Rude variant of Tasks RCU enabled.
[    0.000000]  Tracing variant of Tasks RCU enabled.
[    0.000000] rcu: RCU calculated value of scheduler-enlistment delay is 25 jiffies.
[    0.000000] rcu: Adjusting geometry for rcu_fanout_leaf=16, nr_cpu_ids=12
[    0.000000] NR_IRQS: 64, nr_irqs: 64, preallocated irqs: 0
[    0.000000] GICv3: GIC: Using split EOI/Deactivate mode
[    0.000000] GICv3: 960 SPIs implemented
[    0.000000] GICv3: 0 Extended SPIs implemented
[    0.000000] GICv3: Distributor has no Range Selector support
[    0.000000] Root IRQ handler: gic_handle_irq
[    0.000000] GICv3: 16 PPIs implemented
[    0.000000] GICv3: CPU0: found redistributor 0 region 0:0x000000000f440000
[    0.000000] arch_timer: cp15 timer(s) running at 31.25MHz (phys).
[    0.000000] clocksource: arch_sys_counter: mask: 0xffffffffffffff max_cycles: 0xe6a171046, max_idle_ns: 881590405314 ns
[    0.000002] sched_clock: 56 bits at 31MHz, resolution 32ns, wraps every 4398046511088ns
[    0.000405] Console: colour dummy device 80x25
[    0.000415] printk: console [tty0] enabled
[    0.000480] Calibrating delay loop (skipped), value calculated using timer frequency.. 62.50 BogoMIPS (lpj=125000)[    0.000489] pid_max: default: 32768 minimum: 301
[    0.000525] LSM: Security Framework initializing
[    0.000551] Yama: becoming mindful.
[    0.000568] SELinux:  Initializing.
[    0.000715] Mount-cache hash table entries: 131072 (order: 8, 1048576 bytes, linear)
[    0.000802] Mountpoint-cache hash table entries: 131072 (order: 8, 1048576 bytes, linear)
[    0.002427] rcu: Hierarchical SRCU implementation.
[    0.005425] Tegra Revision: A01 SKU: 208 CPU Process: 0 SoC Process: 0
[    0.005755] Remapping and enabling EFI services.
[    0.006616] smp: Bringing up secondary CPUs ...
[    0.007134] Detected PIPT I-cache on CPU1
[    0.007179] GICv3: CPU1: found redistributor 100 region 0:0x000000000f460000
[    0.007225] CPU1: Booted secondary processor 0x0000000100 [0x410fd421]
[    0.007686] Detected PIPT I-cache on CPU2
[    0.007696] GICv3: CPU2: found redistributor 200 region 0:0x000000000f480000
[    0.007711] CPU2: Booted secondary processor 0x0000000200 [0x410fd421]
[    0.008111] Detected PIPT I-cache on CPU3
[    0.008121] GICv3: CPU3: found redistributor 300 region 0:0x000000000f4a0000
[    0.008134] CPU3: Booted secondary processor 0x0000000300 [0x410fd421]
[    0.010598] Detected PIPT I-cache on CPU4
[    0.010622] GICv3: CPU4: found redistributor 10000 region 0:0x000000000f4c0000
[    0.010649] CPU4: Booted secondary processor 0x0000010000 [0x410fd421]
[    0.011100] Detected PIPT I-cache on CPU5
[    0.011110] GICv3: CPU5: found redistributor 10100 region 0:0x000000000f4e0000
[    0.011124] CPU5: Booted secondary processor 0x0000010100 [0x410fd421]
[    0.011548] Detected PIPT I-cache on CPU6
[    0.011558] GICv3: CPU6: found redistributor 10200 region 0:0x000000000f500000
[    0.011572] CPU6: Booted secondary processor 0x0000010200 [0x410fd421]
[    0.011993] Detected PIPT I-cache on CPU7
[    0.012004] GICv3: CPU7: found redistributor 10300 region 0:0x000000000f520000
[    0.012019] CPU7: Booted secondary processor 0x0000010300 [0x410fd421]
[    0.014487] Detected PIPT I-cache on CPU8
[    0.014512] GICv3: CPU8: found redistributor 20000 region 0:0x000000000f540000
[    0.014539] CPU8: Booted secondary processor 0x0000020000 [0x410fd421]
[    0.015009] Detected PIPT I-cache on CPU9
[    0.015021] GICv3: CPU9: found redistributor 20100 region 0:0x000000000f560000
[    0.015036] CPU9: Booted secondary processor 0x0000020100 [0x410fd421]
[    0.015475] Detected PIPT I-cache on CPU10
[    0.015486] GICv3: CPU10: found redistributor 20200 region 0:0x000000000f580000
[    0.015501] CPU10: Booted secondary processor 0x0000020200 [0x410fd421]
[    0.015935] Detected PIPT I-cache on CPU11
[    0.015946] GICv3: CPU11: found redistributor 20300 region 0:0x000000000f5a0000
[    0.015961] CPU11: Booted secondary processor 0x0000020300 [0x410fd421]
[    0.016023] smp: Brought up 1 node, 12 CPUs
[    0.016028] SMP: Total of 12 processors activated.
[    0.016031] CPU features: detected: 32-bit EL0 Support
[    0.016033] CPU features: detected: Data cache clean to the PoU not required for I/D coherence
[    0.016035] CPU features: detected: Common not Private translations
[    0.016036] CPU features: detected: CRC32 instructions
[    0.016036] CPU features: detected: Data cache clean to Point of Persistence
[    0.016038] CPU features: detected: Generic authentication (architected algorithm)
[    0.016038] CPU features: detected: RCpc load-acquire (LDAPR)
[    0.016039] CPU features: detected: LSE atomic instructions
[    0.016040] CPU features: detected: Privileged Access Never
[    0.016040] CPU features: detected: RAS Extension Support
[    0.016043] CPU features: detected: Speculative Store Bypassing Safe (SSBS)
[    0.030485] spectre-bhb mitigation disabled by command line option
[    0.044269] CPU: All CPU(s) started at EL2
[    0.047768] devtmpfs: initialized
[    0.060514] KASLR enabled
[    0.060616] clocksource: jiffies: mask: 0xffffffff max_cycles: 0xffffffff, max_idle_ns: 7645041785100000 ns
[    0.060628] futex hash table entries: 4096 (order: 6, 262144 bytes, linear)
[    0.066294] pinctrl core: initialized pinctrl subsystem
[    0.067406] SMBIOS 3.6.0 present.
[    0.067417] DMI: NVIDIA NVIDIA Jetson AGX Orin Developer Kit/Jetson, BIOS 36.4.3-gcid-38968081 01/08/2025
[    0.068037] NET: Registered PF_NETLINK/PF_ROUTE protocol family
[    0.070597] DMA: preallocated 8192 KiB GFP_KERNEL pool for atomic allocations
[    0.071269] DMA: preallocated 8192 KiB GFP_KERNEL|GFP_DMA pool for atomic allocations
[    0.071910] DMA: preallocated 8192 KiB GFP_KERNEL|GFP_DMA32 pool for atomic allocations
[    0.071990] audit: initializing netlink subsys (disabled)
[    0.072168] audit: type=2000 audit(0.072:1): state=initialized audit_enabled=0 res=1
[    0.074894] thermal_sys: Registered thermal governor 'step_wise'
[    0.074897] thermal_sys: Registered thermal governor 'user_space'
[    0.074898] thermal_sys: Registered thermal governor 'power_allocator'
[    0.079470] cpuidle: using governor menu
[    0.079771] hw-breakpoint: found 6 breakpoint and 4 watchpoint registers.
[    0.079947] ASID allocator initialised with 32768 entries
[    0.082175] Serial: AMBA PL011 UART driver
[    0.093981] 31d0000.serial: ttyAMA0 at MMIO 0x31d0000 (irq = 118, base_baud = 0) is a SBSA
[    0.094030] printk: console [ttyAMA0] enabled
[    0.105476] platform bpmp: Fixing up cyclic dependency with 2c60000.external-memory-controller
[    0.115070] HugeTLB registered 1.00 GiB page size, pre-allocated 0 pages
[    0.115080] HugeTLB registered 32.0 MiB page size, pre-allocated 0 pages
[    0.115081] HugeTLB registered 2.00 MiB page size, pre-allocated 0 pages
[    0.115082] HugeTLB registered 64.0 KiB page size, pre-allocated 0 pages
[    0.116204] cryptd: max_cpu_qlen set to 1000
[    0.118546] ACPI: Interpreter disabled.
[    0.120774] iommu: Default domain type: Translated
[    0.120781] iommu: DMA domain TLB invalidation policy: strict mode
[    0.121196] SCSI subsystem initialized
[    0.121289] libata version 3.00 loaded.
[    0.121366] vgaarb: loaded
[    0.121571] usbcore: registered new interface driver usbfs
[    0.121599] usbcore: registered new interface driver hub
[    0.121615] usbcore: registered new device driver usb
[    0.122040] pps_core: LinuxPPS API ver. 1 registered
[    0.122045] pps_core: Software ver. 5.3.6 - Copyright 2005-2007 Rodolfo Giometti <giometti@linux.it>
[    0.122054] PTP clock support registered
[    0.122120] EDAC MC: Ver: 3.0.0
[    0.123729] Registered efivars operations
[    0.124421] FPGA manager framework
[    0.124505] Advanced Linux Sound Architecture Driver Initialized.
[    0.125108] Bluetooth: Core ver 2.22
[    0.125147] NET: Registered PF_BLUETOOTH protocol family
[    0.125152] Bluetooth: HCI device and connection manager initialized
[    0.125161] Bluetooth: HCI socket layer initialized
[    0.125169] Bluetooth: L2CAP socket layer initialized
[    0.125185] Bluetooth: SCO socket layer initialized
[    0.125664] clocksource: Switched to clocksource arch_sys_counter
[    0.163760] VFS: Disk quotas dquot_6.6.0
[    0.163840] VFS: Dquot-cache hash table entries: 512 (order 0, 4096 bytes)
[    0.164100] pnp: PnP ACPI: disabled
[    0.167397] NET: Registered PF_INET protocol family
[    0.167994] IP idents hash table entries: 262144 (order: 9, 2097152 bytes, linear)
[    0.170325] tcp_listen_portaddr_hash hash table entries: 32768 (order: 7, 524288 bytes, linear)
[    0.171003] Table-perturb hash table entries: 65536 (order: 6, 262144 bytes, linear)
[    0.171056] TCP established hash table entries: 524288 (order: 10, 4194304 bytes, linear)
[    0.171469] TCP bind hash table entries: 65536 (order: 8, 1048576 bytes, linear)
[    0.172791] TCP: Hash tables configured (established 524288 bind 65536)
[    0.173085] UDP hash table entries: 32768 (order: 8, 1048576 bytes, linear)
[    0.173206] UDP-Lite hash table entries: 32768 (order: 8, 1048576 bytes, linear)
[    0.173612] NET: Registered PF_UNIX/PF_LOCAL protocol family
[    0.174123] RPC: Registered named UNIX socket transport module.
[    0.174129] RPC: Registered udp transport module.
[    0.174129] RPC: Registered tcp transport module.
[    0.174132] RPC: Registered tcp NFSv4.1 backchannel transport module.
[    0.174153] PCI: CLS 0 bytes, default 64
[    0.174431] Unpacking initramfs...
[    0.187012] hw perfevents: enabled with armv8_cortex_a78 PMU driver, 7 counters available
[    0.187389] kvm [1]: IPA Size Limit: 48 bits
[    0.187430] kvm [1]: GICv3: no GICV resource entry
[    0.187439] kvm [1]: disabling GICv2 emulation
[    0.187469] kvm [1]: GIC system register CPU interface enabled
[    0.187593] kvm [1]: vgic interrupt IRQ9
[    0.187805] kvm [1]: VHE mode initialized successfully
[    0.190863] Initialise system trusted keyrings
[    0.190903] Key type blacklist registered
[    0.190986] workingset: timestamp_bits=42 max_order=24 bucket_order=0
[    0.194881] squashfs: version 4.0 (2009/01/31) Phillip Lougher
[    0.195345] NFS: Registering the id_resolver key type
[    0.195379] Key type id_resolver registered
[    0.195383] Key type id_legacy registered
[    0.195449] nfs4filelayout_init: NFSv4 File Layout Driver Registering...
[    0.195460] nfs4flexfilelayout_init: NFSv4 Flexfile Layout Driver Registering...
[    0.195484] ntfs: driver 2.1.32 [Flags: R/O].
[    0.195705] 9p: Installing v9fs 9p2000 file system support
[    0.196346] integrity: Platform Keyring initialized
[    0.206999] Key type asymmetric registered
[    0.207005] Asymmetric key parser 'x509' registered
[    0.207074] Block layer SCSI generic (bsg) driver version 0.4 loaded (major 245)
[    0.207084] io scheduler mq-deadline registered
[    0.207091] io scheduler kyber registered
[    0.218112] EINJ: ACPI disabled.
[    0.230952] Serial: 8250/16550 driver, 4 ports, IRQ sharing enabled
[    0.232885] SuperH (H)SCI(F) driver initialized
[    0.233238] msm_serial: driver initialized
[    0.233900] printk: console [ttyTCU0] enabled
[    0.234798] arm-smmu 8000000.iommu: probing hardware configuration...
[    0.234803] arm-smmu 8000000.iommu: SMMUv2 with:
[    0.234810] arm-smmu 8000000.iommu:  stage 1 translation
[    0.234812] arm-smmu 8000000.iommu:  stage 2 translation
[    0.234817] arm-smmu 8000000.iommu:  nested translation
[    0.234825] arm-smmu 8000000.iommu:  stream matching with 128 register groups
[    0.234832] arm-smmu 8000000.iommu:  128 context banks (0 stage-2 only)
[    0.234850] arm-smmu 8000000.iommu:  Supported page sizes: 0x61311000
[    0.234854] arm-smmu 8000000.iommu:  Stage-1: 48-bit VA -> 48-bit IPA
[    0.234857] arm-smmu 8000000.iommu:  Stage-2: 48-bit IPA -> 48-bit PA
[    0.235845] arm-smmu 10000000.iommu: probing hardware configuration...
[    0.235848] arm-smmu 10000000.iommu: SMMUv2 with:
[    0.235850] arm-smmu 10000000.iommu:         stage 1 translation
[    0.235850] arm-smmu 10000000.iommu:         stage 2 translation
[    0.235851] arm-smmu 10000000.iommu:         nested translation
[    0.235854] arm-smmu 10000000.iommu:         stream matching with 128 register groups
[    0.235856] arm-smmu 10000000.iommu:         128 context banks (0 stage-2 only)
[    0.235871] arm-smmu 10000000.iommu:         Supported page sizes: 0x61311000
[    0.235873] arm-smmu 10000000.iommu:         Stage-1: 48-bit VA -> 48-bit IPA
[    0.235874] arm-smmu 10000000.iommu:         Stage-2: 48-bit IPA -> 48-bit PA
[    0.236204] arm-smmu 12000000.iommu: probing hardware configuration...
[    0.236207] arm-smmu 12000000.iommu: SMMUv2 with:
[    0.236209] arm-smmu 12000000.iommu:         stage 1 translation
[    0.236211] arm-smmu 12000000.iommu:         stage 2 translation
[    0.236213] arm-smmu 12000000.iommu:         nested translation
[    0.236215] arm-smmu 12000000.iommu:         stream matching with 128 register groups
[    0.236217] arm-smmu 12000000.iommu:         128 context banks (0 stage-2 only)
[    0.236227] arm-smmu 12000000.iommu:         Supported page sizes: 0x61311000
[    0.236228] arm-smmu 12000000.iommu:         Stage-1: 48-bit VA -> 48-bit IPA
[    0.236229] arm-smmu 12000000.iommu:         Stage-2: 48-bit IPA -> 48-bit PA
[    0.247328] loop: module loaded
[    0.248796] megasas: 07.717.02.00-rc1
[    0.253593] tun: Universal TUN/TAP device driver, 1.6
[    0.254207] thunder_xcv, ver 1.0
[    0.254235] thunder_bgx, ver 1.0
[    0.254252] nicpf, ver 1.0
[    0.255140] hclge is initializing
[    0.255170] hns3: Hisilicon Ethernet Network Driver for Hip08 Family - version
[    0.255177] hns3: Copyright (c) 2017 Huawei Corporation.
[    0.255215] e1000: Intel(R) PRO/1000 Network Driver
[    0.255220] e1000: Copyright (c) 1999-2006 Intel Corporation.
[    0.255249] e1000e: Intel(R) PRO/1000 Network Driver
[    0.255253] e1000e: Copyright(c) 1999 - 2015 Intel Corporation.
[    0.255282] igb: Intel(R) Gigabit Ethernet Network Driver
[    0.255288] igb: Copyright (c) 2007-2014 Intel Corporation.
[    0.255300] igbvf: Intel(R) Gigabit Virtual Function Network Driver
[    0.255304] igbvf: Copyright (c) 2009 - 2012 Intel Corporation.
[    0.255531] sky2: driver version 1.30
[    0.256204] VFIO - User Level meta-driver version: 0.3
[    0.257709] ehci_hcd: USB 2.0 'Enhanced' Host Controller (EHCI) Driver
[    0.257718] ehci-pci: EHCI PCI platform driver
[    0.257743] ehci-platform: EHCI generic platform driver
[    0.257824] ehci-orion: EHCI orion driver
[    0.257891] ehci-exynos: EHCI Exynos driver
[    0.257955] ohci_hcd: USB 1.1 'Open' Host Controller (OHCI) Driver
[    0.257980] ohci-pci: OHCI PCI platform driver
[    0.258014] ohci-platform: OHCI generic platform driver
[    0.258086] ohci-exynos: OHCI Exynos driver
[    0.258519] usbcore: registered new interface driver usb-storage
[    0.260352] i2c_dev: i2c /dev entries driver
[    0.261696] pps pps0: new PPS source ktimer
[    0.261710] pps pps0: ktimer PPS source registered
[    0.261720] pps_ldisc: PPS line discipline registered
[    0.264145] device-mapper: ioctl: 4.45.0-ioctl (2021-03-22) initialised: dm-devel@redhat.com
[    0.266526] sdhci: Secure Digital Host Controller Interface driver
[    0.266532] sdhci: Copyright(c) Pierre Ossman
[    0.266987] Synopsys Designware Multimedia Card Interface Driver
[    0.267616] sdhci-pltfm: SDHCI platform and OF driver helper
[    0.268891] ledtrig-cpu: registered to indicate activity on CPUs
[    0.269978] SMCCC: SOC_ID: ID = jep106:036b:0234 Revision = 0x00000401
[    0.270549] tegra-bpmp bpmp: Adding to iommu group 0
[    0.271923] tegra-bpmp bpmp: firmware: 39f77b2baaf3f0522607-da583751bbf
[    0.422016] Freeing initrd memory: 15484K
[    3.434784] clocksource: tsc: mask: 0xffffffffffffff max_cycles: 0xe6a171046, max_idle_ns: 881590405314 ns
[    3.434801] clocksource: osc: mask: 0xffffffff max_cycles: 0xffffffff, max_idle_ns: 49772407460 ns
[    3.434805] clocksource: usec: mask: 0xffffffff max_cycles: 0xffffffff, max_idle_ns: 1911260446275 ns
[    3.434912] hid: raw HID events driver (C) Jiri Kosina
[    3.435136] usbcore: registered new interface driver usbhid
[    3.435140] usbhid: USB HID core driver
[    3.439504] optee: probing for conduit method.
[    3.439550] optee: revision 4.2 (d78bc5fa)
[    3.498908] optee: dynamic shared memory is enabled
[    3.499178] optee: initialized driver
[    3.501771] usbcore: registered new interface driver snd-usb-audio
[    3.503247] NET: Registered PF_PACKET protocol family
[    3.503902] Bluetooth: RFCOMM TTY layer initialized
[    3.503912] Bluetooth: RFCOMM socket layer initialized
[    3.503929] Bluetooth: RFCOMM ver 1.11
[    3.504138] 9pnet: Installing 9P2000 support
[    3.504227] Key type dns_resolver registered
[    3.504690] printk: console [tty0]: printing thread started
[    3.505065] printk: console [ttyTCU0]: printing thread started
[    3.505123] printk: console [ttyAMA0]: printing thread started
[    3.505199] Loading compiled-in X.509 certificates
[    3.507335] Loaded X.509 cert 'Build time autogenerated kernel key: d8ba9bcdca355728e5701e5a71b1788ec2a7c7f0'
[    3.575605] gpio-394 (camera-control-output-low): hogged as output/low
[    3.575632] gpio-397 (camera-control-output-low): hogged as output/low
[    3.575650] gpio-487 (camera-control-output-low): hogged as output/low
[    3.575666] gpio-486 (camera-control-output-low): hogged as output/low
[    3.632794] simple-framebuffer chosen:framebuffer: framebuffer at 0x1039e00000, 0x870000 bytes
[    3.632805] simple-framebuffer chosen:framebuffer: format=x8r8g8b8, mode=1920x1080x32, linelength=8192
[    3.641499] Console: switching to colour frame buffer device 240x67
[    3.644259] simple-framebuffer chosen:framebuffer: fb0: simplefb registered!
[    3.645378] tegra-gpcdma 2600000.dma-controller: Adding to iommu group 1
[    3.647188] tegra-gpcdma 2600000.dma-controller: GPC DMA driver register 31 channels
[    3.648481] serial-tegra 3100000.serial: RX in PIO mode
[    3.648484] serial-tegra 3100000.serial: TX in PIO mode
[    3.648557] 3100000.serial: ttyTHS1 at MMIO 0x3100000 (irq = 112, base_baud = 0) is a TEGRA_UART
[    3.649681] serial-tegra 3110000.serial: RX in PIO mode
[    3.649685] serial-tegra 3110000.serial: TX in PIO mode
[    3.649725] 3110000.serial: ttyTHS2 at MMIO 0x3110000 (irq = 206, base_baud = 0) is a TEGRA_UART
[    3.652778] tegra_rtc c2a0000.rtc: registered as rtc1
[    3.652786] tegra_rtc c2a0000.rtc: Tegra internal Real Time Clock
[    3.653268] tegra-i2c 3160000.i2c: Adding to iommu group 1
[    3.659399] tegra-i2c 3180000.i2c: Adding to iommu group 1
[    3.664600] i2c i2c-2: Added multiplexed i2c bus 9
[    3.665189] i2c i2c-2: Added multiplexed i2c bus 10
[    3.665875] i2c i2c-2: Added multiplexed i2c bus 11
[    3.666532] i2c i2c-2: Added multiplexed i2c bus 12
[    3.667192] i2c i2c-2: Added multiplexed i2c bus 13
[    3.667851] i2c i2c-2: Added multiplexed i2c bus 14
[    3.668519] i2c i2c-2: Added multiplexed i2c bus 15
[    3.669189] i2c i2c-2: Added multiplexed i2c bus 16
[    3.669193] pca954x 2-0072: registered 8 multiplexed busses for I2C switch pca9548
[    3.669741] tegra-i2c 3190000.i2c: Adding to iommu group 1
[    3.675673] tegra-i2c 31b0000.i2c: Adding to iommu group 1
[    3.681901] tegra-i2c 31c0000.i2c: Adding to iommu group 1
[    3.687807] tegra-i2c 31e0000.i2c: Adding to iommu group 1
[    3.691613] tegra-i2c c240000.i2c: Adding to iommu group 1
[    3.697923] tegra-i2c c250000.i2c: Adding to iommu group 1
[    3.737629] cpufreq: cpufreq_online: CPU4: Running at unlisted initial frequency: 2009000 KHz, changing to: 2035200 KHz
[    3.741221] cpufreq: cpufreq_online: CPU8: Running at unlisted initial frequency: 2008000 KHz, changing to: 2035200 KHz
[    3.744429] sdhci-tegra 3460000.mmc: Adding to iommu group 2
[    3.745490] sdhci-tegra 3400000.mmc: Adding to iommu group 3
[    3.747116] irq: IRQ233: trimming hierarchy from :bus@0:pmc@c360000
[    3.747174] irq: IRQ234: trimming hierarchy from :bus@0:interrupt-controller@f400000-1
[    3.747215] irq: IRQ235: trimming hierarchy from :bus@0:pmc@c360000
[    3.747275] input: gpio-keys as /devices/platform/gpio-keys/input/input0
[    4.223738] ALSA device list:
[    4.223743]   No soundcards found.
[    4.227342] mmc0: CQHCI version 5.10
[    4.227620] sdhci-tegra 3400000.mmc: Got CD GPIO
[    4.262300] mmc0: SDHCI controller on 3460000.mmc [3460000.mmc] using ADMA 64-bit
[    4.277831] irq: IRQ236: trimming hierarchy from :bus@0:interrupt-controller@f400000-1
[    4.278585] mmc1: SDHCI controller on 3400000.mmc [3400000.mmc] using ADMA 64-bit
[    4.279393] Freeing unused kernel memory: 7616K
[    4.279554] Run /init as init process
[    4.279556]   with arguments:
[    4.279556]     /init
[    4.279557]     nv-auto-config
[    4.279557]   with environment:
[    4.279558]     HOME=/
[    4.279558]     TERM=linux
[    4.279558]     bl_prof_dataptr=2031616@0x102C610000
[    4.279559]     bl_prof_ro_ptr=65536@0x102C600000
[    4.290326] Checking overlayfs setting...
[    4.299803] Overlayfs is disabled...
[    4.305853] Root device found: nvme0n1p1
[    4.454097] mmc0: Command Queue Engine enabled
[    4.454105] mmc0: new HS400 Enhanced strobe MMC card at address 0001
[    4.454962] mmcblk0: mmc0:0001 DG4064 59.2 GiB
[    4.483593]  mmcblk0: p1 p2 p3 p4 p5 p6 p7 p8 p9 p10 p11 p12 p13 p14 p15
[    4.488030] mmcblk0boot0: mmc0:0001 DG4064 4.00 MiB
[    4.488474] mmcblk0boot1: mmc0:0001 DG4064 4.00 MiB
[    4.489063] mmcblk0rpmb: mmc0:0001 DG4064 4.00 MiB, chardev (511:0)
[    7.360685] pcie_tegra194: module verification failed: signature and/or required key missing - tainting kernel
[    7.377036] tegra194-pcie 14100000.pcie: Adding to iommu group 4
[    7.386721] tegra194-pcie 14100000.pcie: host bridge /bus@0/pcie@14100000 ranges:
[    7.386743] tegra194-pcie 14100000.pcie:      MEM 0x2080000000..0x20a7ffffff -> 0x2080000000
[    7.386749] tegra194-pcie 14100000.pcie:      MEM 0x20a8000000..0x20afffffff -> 0x0040000000
[    7.386752] tegra194-pcie 14100000.pcie:       IO 0x0030100000..0x00301fffff -> 0x0030100000
[    7.387213] tegra194-pcie 14100000.pcie: iATU unroll: enabled
[    7.387215] tegra194-pcie 14100000.pcie: Detected iATU regions: 8 outbound, 2 inbound
[    7.454394] ucsi_ccg: disagrees about version of symbol i2c_transfer_buffer_flags
[    7.454399] ucsi_ccg: Unknown symbol i2c_transfer_buffer_flags (err -22)
[    7.454415] ucsi_ccg: disagrees about version of symbol i2c_register_driver
[    7.454416] ucsi_ccg: Unknown symbol i2c_register_driver (err -22)
[    7.454437] ucsi_ccg: disagrees about version of symbol i2c_transfer
[    7.454437] ucsi_ccg: Unknown symbol i2c_transfer (err -22)
[    7.454439] ucsi_ccg: disagrees about version of symbol i2c_del_driver
[    7.454440] ucsi_ccg: Unknown symbol i2c_del_driver (err -22)
[    7.493657] tegra194-pcie 14100000.pcie: Link up
[    7.504507] tegra194-pcie 14100000.pcie: Link up
[    7.504562] tegra194-pcie 14100000.pcie: PCI host bridge to bus 0001:00
[    7.504566] pci_bus 0001:00: root bus resource [io  0x0000-0xfffff] (bus address [0x30100000-0x301fffff])
[    7.504570] pci_bus 0001:00: root bus resource [mem 0x20a8000000-0x20afffffff] (bus address [0x40000000-0x47ffffff])
[    7.504572] pci_bus 0001:00: root bus resource [bus 00-ff]
[    7.504574] pci_bus 0001:00: root bus resource [mem 0x2080000000-0x20a7ffffff pref]
[    7.504625] pci 0001:00:00.0: [10de:229e] type 01 class 0x060400
[    7.504794] pci 0001:00:00.0: PME# supported from D0 D3hot
[    7.508636] pci 0001:01:00.0: [10ec:c822] type 00 class 0x028000
[    7.508808] pci 0001:01:00.0: reg 0x10: [io  0x0000-0x00ff]
[    7.509008] pci 0001:01:00.0: reg 0x18: [mem 0x20a8000000-0x20a800ffff 64bit]
[    7.510063] pci 0001:01:00.0: supports D1 D2
[    7.510064] pci 0001:01:00.0: PME# supported from D0 D1 D2 D3hot D3cold
[    7.524733] pci 0001:00:00.0: BAR 14: assigned [mem 0x20a8000000-0x20a80fffff]
[    7.524737] pci 0001:00:00.0: BAR 13: assigned [io  0x1000-0x1fff]
[    7.524741] pci 0001:01:00.0: BAR 2: assigned [mem 0x20a8000000-0x20a800ffff 64bit]
[    7.524843] pci 0001:01:00.0: BAR 0: assigned [io  0x1000-0x10ff]
[    7.524874] pci 0001:00:00.0: PCI bridge to [bus 01-ff]
[    7.524877] pci 0001:00:00.0:   bridge window [io  0x1000-0x1fff]
[    7.524881] pci 0001:00:00.0:   bridge window [mem 0x20a8000000-0x20a80fffff]
[    7.524994] pcieport 0001:00:00.0: Adding to iommu group 4
[    7.525085] pcieport 0001:00:00.0: PME: Signaling with IRQ 200
[    7.525599] pcieport 0001:00:00.0: AER: enabled with IRQ 200
[    7.526426] tegra194-pcie 14160000.pcie: Adding to iommu group 5
[    7.532756] tegra194-pcie 14160000.pcie: host bridge /bus@0/pcie@14160000 ranges:
[    7.532773] tegra194-pcie 14160000.pcie:      MEM 0x2140000000..0x2427ffffff -> 0x2140000000
[    7.532778] tegra194-pcie 14160000.pcie:      MEM 0x2428000000..0x242fffffff -> 0x0040000000
[    7.532781] tegra194-pcie 14160000.pcie:       IO 0x0036100000..0x00361fffff -> 0x0036100000
[    7.533259] tegra194-pcie 14160000.pcie: iATU unroll: enabled
[    7.533261] tegra194-pcie 14160000.pcie: Detected iATU regions: 8 outbound, 2 inbound
[    7.637654] tegra194-pcie 14160000.pcie: Link up
[    7.639381] tegra194-pcie 14160000.pcie: Link up
[    7.639439] tegra194-pcie 14160000.pcie: PCI host bridge to bus 0004:00
[    7.639443] pci_bus 0004:00: root bus resource [io  0x100000-0x1fffff] (bus address [0x36100000-0x361fffff])
[    7.639445] pci_bus 0004:00: root bus resource [mem 0x2428000000-0x242fffffff] (bus address [0x40000000-0x47ffffff])
[    7.639448] pci_bus 0004:00: root bus resource [bus 00-ff]
[    7.639449] pci_bus 0004:00: root bus resource [mem 0x2140000000-0x2427ffffff pref]
[    7.639489] pci 0004:00:00.0: [10de:229c] type 01 class 0x060400
[    7.639635] pci 0004:00:00.0: PME# supported from D0 D3hot
[    7.643151] pci 0004:01:00.0: [144d:a808] type 00 class 0x010802
[    7.643345] pci 0004:01:00.0: reg 0x10: [mem 0x00000000-0x00003fff 64bit]
[    7.656660] pci 0004:00:00.0: BAR 14: assigned [mem 0x2428000000-0x24280fffff]
[    7.656665] pci 0004:01:00.0: BAR 0: assigned [mem 0x2428000000-0x2428003fff 64bit]
[    7.656749] pci 0004:00:00.0: PCI bridge to [bus 01-ff]
[    7.656754] pci 0004:00:00.0:   bridge window [mem 0x2428000000-0x24280fffff]
[    7.656860] pcieport 0004:00:00.0: Adding to iommu group 5
[    7.656947] pcieport 0004:00:00.0: PME: Signaling with IRQ 202
[    7.657064] pcieport 0004:00:00.0: AER: enabled with IRQ 202
[    7.657226] nvme 0004:01:00.0: Adding to iommu group 5
[    7.657558] nvme nvme0: pci function 0004:01:00.0
[    7.657774] nvme 0004:01:00.0: enabling device (0000 -> 0002)
[    7.658180] tegra194-pcie 141a0000.pcie: Adding to iommu group 6
[    7.661682] nvme nvme0: missing or invalid SUBNQN field.
[    7.661720] nvme nvme0: Shutdown timeout set to 8 seconds
[    7.675771] nvme nvme0: 12/0/0 default/read/poll queues
[    7.680908]  nvme0n1: p1 p2 p3 p4 p5 p6 p7 p8 p9 p10 p11 p12 p13 p14 p15
[    7.728871] Found dev node: /dev/nvme0n1p1
[    7.766467] tegra194-pcie 141a0000.pcie: host bridge /bus@0/pcie@141a0000 ranges:
[    7.766494] tegra194-pcie 141a0000.pcie:      MEM 0x2800000000..0x2b27ffffff -> 0x2800000000
[    7.766500] tegra194-pcie 141a0000.pcie:      MEM 0x2b28000000..0x2b2fffffff -> 0x0040000000
[    7.766505] tegra194-pcie 141a0000.pcie:       IO 0x003a100000..0x003a1fffff -> 0x003a100000
[    7.767023] tegra194-pcie 141a0000.pcie: iATU unroll: enabled
[    7.767027] tegra194-pcie 141a0000.pcie: Detected iATU regions: 8 outbound, 2 inbound
[    8.014285] EXT4-fs (nvme0n1p1): recovery complete
[    8.016366] EXT4-fs (nvme0n1p1): mounted filesystem with ordered data mode. Opts: (null). Quota mode: none.
[    8.020424] Rootfs mounted over nvme0n1p1
[    8.027801] Switching from initrd to actual rootfs
[    8.060705] systemd[1]: System time before build time, advancing clock.
[    8.091409] NET: Registered PF_INET6 protocol family
[    8.091841] Segment Routing with IPv6
[    8.091846] In-situ OAM (IOAM) with IPv6
[    8.110689] systemd[1]: systemd 249.11-0ubuntu3.17 running in system mode (+PAM +AUDIT +SELINUX +APPARMOR +IMA +SMACK +SECCOMP +GCRYPT +GNUTLS +OPENSSL +ACL +BLKID +CURL +ELFUTILS +FIDO2 +IDN2 -IDN +IPTC +KMOD +LIBCRYPTSETUP +LIBFDISK +PCRE2 -PWQUALITY -P11KIT -QRENCODE +BZIP2 +LZ4 +XZ +ZLIB +ZSTD -XKBCOMMON +UTMP +SYSVINIT default-hierarchy=unified)
[    8.111065] systemd[1]: Detected architecture arm64.
[    8.113505] systemd[1]: Hostname set to <fw-orin-1>.
[    8.161122] systemd[1]: Using hardware watchdog 'NVIDIA Tegra186 WDT', version 0, device /dev/watchdog
[    8.161139] systemd[1]: Set hardware watchdog to 2min.
[    8.303112] systemd[1]: /lib/systemd/system/snapd.service:23: Unknown key name 'RestartMode' in section 'Service', ignoring.
[    8.319595] systemd[1]: /etc/systemd/system/nvs-service.service:41: Standard output type syslog is obsolete, automatically updating to journal. Please update your unit file, and consider removing the setting altogether.
[    8.322266] systemd[1]: /etc/systemd/system/nvargus-daemon.service:42: Standard output type syslog is obsolete, automatically updating to journal. Please update your unit file, and consider removing the setting altogether.
[    8.395032] systemd[1]: Queued start job for default target Graphical Interface.
[    8.396689] systemd[1]: Created slice Slice /system/modprobe.
[    8.398145] systemd[1]: Created slice Slice /system/serial-getty.
[    8.421756] systemd[1]: Created slice Slice /system/systemd-fsck.
[    8.422898] systemd[1]: Created slice User and Session Slice.
[    8.423778] systemd[1]: Started Forward Password Requests to Wall Directory Watch.
[    8.424835] systemd[1]: Set up automount Arbitrary Executable File Formats File System Automount Point.
[    8.425740] systemd[1]: Reached target Slice Units.
[    8.466686] systemd[1]: Reached target Mounting snaps.
[    8.467538] systemd[1]: Reached target Mounted snaps.
[    8.468366] systemd[1]: Reached target Swaps.
[    8.469182] systemd[1]: Reached target Local Verity Protected Volumes.
[    8.488200] systemd[1]: Listening on Device-mapper event daemon FIFOs.
[    8.505220] systemd[1]: Listening on LVM2 poll daemon socket.
[    8.519062] systemd[1]: Listening on RPCbind Server Activation Socket.
[    8.520273] systemd[1]: Listening on Syslog Socket.
[    8.521218] systemd[1]: Listening on fsck to fsckd communication Socket.
[    8.543504] systemd[1]: Listening on initctl Compatibility Named Pipe.
[    8.544632] systemd[1]: Listening on Journal Audit Socket.
[    8.545549] systemd[1]: Listening on Journal Socket (/dev/log).
[    8.567721] systemd[1]: Listening on Journal Socket.
[    8.568805] systemd[1]: Listening on udev Control Socket.
[    8.569716] systemd[1]: Listening on udev Kernel Socket.
[    8.590828] systemd[1]: Mounting Huge Pages File System...
[    8.592767] systemd[1]: Mounting POSIX Message Queue File System...
[    8.594803] systemd[1]: Mounting Kernel Debug File System...
[    8.615787] systemd[1]: Mounting Kernel Trace File System...
[    8.624389] systemd[1]: Starting Journal Service...
[    8.631343] systemd[1]: Finished Availability of block devices.
[    8.633539] systemd[1]: Starting Set the console keyboard layout...
[    8.650214] systemd[1]: Starting Create List of Static Device Nodes...
[    8.652237] systemd[1]: Starting Monitoring of LVM2 mirrors, snapshots etc. using dmeventd or progress polling...
[    8.654264] systemd[1]: Starting Load Kernel Module configfs...
[    8.681481] systemd[1]: Starting Load Kernel Module drm...
[    8.689691] systemd[1]: Starting Load Kernel Module efi_pstore...
[    8.691765] systemd[1]: Starting Load Kernel Module fuse...
[    8.693690] systemd[1]: Starting NVIDIA specific first-boot udev script...
[    8.707584] fuse: init (API version 7.34)
[    8.722122] systemd[1]: Started Nameserver information manager.
[    8.722985] systemd[1]: Reached target Preparation for Network.
[    8.723798] systemd[1]: Condition check resulted in File System Check on Root Device being skipped.
[    8.725427] systemd[1]: Starting Load Kernel Modules...
[    8.732182] nvsciipc: loading out-of-tree module taints kernel.
[    8.733745] nvsciipc: loaded module
[    8.751128] systemd[1]: Starting Remount Root and Kernel File Systems...
[    8.751232] nvmap_heap_init: nvmap_heap_init: created heap block cache
[    8.751805] nvmap_co_device_init: vpr :dma coherent mem declare 0x0000001049800000,914358272
[    8.751811] tegra-carveouts tegra-carveouts: assigned reserved memory node vpr-carveout
[    8.751827] nvmap_page_pool_init: Total RAM pages: 16087354
[    8.751828] nvmap_page_pool_init: nvmap page pool size: 2010919 pages (3759 MB)
[    8.751892] nvmap_background_zero_thread: PP zeroing thread starting.
[    8.751919] nvmap_heap_create: created heap vpr base 0x0000001049800000 size (892928KiB)
[    8.751941] nvmap_heap_create: fsi :dma coherent mem declare 0x000000102f000000,16777216
[    8.751943] nvmap_heap_create: created heap fsi base 0x000000102f000000 size (16384KiB)
[    8.757880] EXT4-fs (nvme0n1p1): re-mounted. Opts: (null). Quota mode: none.
[    8.767822] tegra-host1x 13e00000.host1x: Adding to iommu group 7
[    8.768980] host1x-context host1x-ctx.0: Adding to iommu group 8
[    8.769115] host1x-context host1x-ctx.1: Adding to iommu group 9
[    8.769236] host1x-context host1x-ctx.2: Adding to iommu group 10
[    8.769355] host1x-context host1x-ctx.3: Adding to iommu group 11
[    8.769474] host1x-context host1x-ctx.4: Adding to iommu group 12
[    8.769593] host1x-context host1x-ctx.5: Adding to iommu group 13
[    8.769759] host1x-context host1x-ctx.6: Adding to iommu group 14
[    8.769895] host1x-context host1x-ctx.7: Adding to iommu group 15
[    8.770025] host1x-context host1x-ctx.8: Adding to iommu group 16
[    8.770153] host1x-context host1x-ctx.9: Adding to iommu group 17
[    8.770277] host1x-context host1x-ctx.10: Adding to iommu group 18
[    8.770405] host1x-context host1x-ctx.11: Adding to iommu group 19
[    8.770522] host1x-context host1x-ctx.12: Adding to iommu group 20
[    8.770644] host1x-context host1x-ctx.13: Adding to iommu group 21
[    8.770781] host1x-context host1x-ctx.14: Adding to iommu group 22
[    8.770905] host1x-context host1x-ctx.15: Adding to iommu group 23
[    8.779036] platform 13e00000.host1x:nvcsi@15a00000: Fixing up cyclic dependency with 9-001a
[    8.779051] platform 13e00000.host1x:nvcsi@15a00000: Fixing up cyclic dependency with 9-001b
[    8.779065] platform 13e00000.host1x:nvcsi@15a00000: Fixing up cyclic dependency with 9-001c
[    8.779079] platform 13e00000.host1x:nvcsi@15a00000: Fixing up cyclic dependency with 9-001d
[    8.779092] platform 13e00000.host1x:nvcsi@15a00000: Fixing up cyclic dependency with tegra-capture-vi
[    8.810198] systemd[1]: Starting Coldplug All udev Devices...
[    8.873656] tegra194-pcie 141a0000.pcie: Phy link never came up
[    8.876402] systemd[1]: Started Journal Service.
[    8.883360] nvgpu: 17000000.gpu          nvgpu_nvhost_syncpt_init:122  [INFO]  syncpt_unit_base 60000000 syncpt_unit_size 4000000 size 10000

[    9.092386] systemd-journald[285]: Received client request to flush runtime journal.
[    9.205003] tsec 15500000.tsec: Adding to iommu group 24
[    9.205081] tegra-se 15820000.crypto: Adding to iommu group 25
[    9.206822] scare-pigeon 13e00000.host1x:vi0-thi@15f00000: Adding to iommu group 26
[    9.206992] tegra-soc-hwpm f100000.hwpm: Adding to iommu group 27
[    9.215750] scare-pigeon 13e00000.host1x:vi0-thi@15f00000: syncpt_unit_base 60000000 syncpt_unit_size 4000000 size 10000
[    9.216765] tegra-se 15840000.crypto: Adding to iommu group 28
[    9.218365] scare-pigeon 13e00000.host1x:vi1-thi@14f00000: Adding to iommu group 29
[    9.218402] mc: Linux media interface: v0.10
[    9.235131] scare-pigeon 13e00000.host1x:vi1-thi@14f00000: syncpt_unit_base 60000000 syncpt_unit_size 4000000 size 10000
[    9.245919] nvdla 15880000.nvdla0: Adding to iommu group 30
[    9.249956] scare-pigeon 13e00000.host1x:isp-thi@14b00000: Adding to iommu group 31
[    9.250032] videodev: Linux video capture interface: v2.00
[    9.250051] pva 16000000.pva0: Adding to iommu group 32
[    9.250932] scare-pigeon 13e00000.host1x:isp-thi@14b00000: syncpt_unit_base 60000000 syncpt_unit_size 4000000 size 10000
[    9.256747] tegra-vic 15340000.vic: Adding to iommu group 33
[    9.266667] pva_iommu_context_dev 16000000.pva0:pva0_niso1_ctx0: Adding to iommu group 34
[    9.266836] pva_iommu_context_dev 16000000.pva0:pva0_niso1_ctx0: initialized (streamid=18, iommu=smmu.0x0000000008000000)
[    9.269343] pva_iommu_context_dev 16000000.pva0:pva0_niso1_ctx1: Adding to iommu group 35
[    9.269473] pva_iommu_context_dev 16000000.pva0:pva0_niso1_ctx1: initialized (streamid=19, iommu=smmu.0x0000000008000000)
[    9.269720] nvdla 15880000.nvdla0: syncpt_unit_base 60000000 syncpt_unit_size 4000000 size 10000
[    9.269915] nvdla 158c0000.nvdla1: Adding to iommu group 36
[    9.270232] pva_iommu_context_dev 16000000.pva0:pva0_niso1_ctx2: Adding to iommu group 37
[    9.270340] pva_iommu_context_dev 16000000.pva0:pva0_niso1_ctx2: initialized (streamid=20, iommu=smmu.0x0000000008000000)
[    9.270767] pva_iommu_context_dev 16000000.pva0:pva0_niso1_ctx3: Adding to iommu group 38
[    9.270860] pva_iommu_context_dev 16000000.pva0:pva0_niso1_ctx3: initialized (streamid=21, iommu=smmu.0x0000000008000000)
[    9.271140] pva_iommu_context_dev 16000000.pva0:pva0_niso1_ctx4: Adding to iommu group 39
[    9.271235] pva_iommu_context_dev 16000000.pva0:pva0_niso1_ctx4: initialized (streamid=22, iommu=smmu.0x0000000008000000)
[    9.271470] pva_iommu_context_dev 16000000.pva0:pva0_niso1_ctx5: Adding to iommu group 40
[    9.271558] pva_iommu_context_dev 16000000.pva0:pva0_niso1_ctx5: initialized (streamid=23, iommu=smmu.0x0000000008000000)
[    9.271783] pva_iommu_context_dev 16000000.pva0:pva0_niso1_ctx6: Adding to iommu group 41
[    9.271873] pva_iommu_context_dev 16000000.pva0:pva0_niso1_ctx6: initialized (streamid=24, iommu=smmu.0x0000000008000000)
[    9.272100] pva_iommu_context_dev 16000000.pva0:pva0_niso1_ctx7: Adding to iommu group 42
[    9.272186] pva_iommu_context_dev 16000000.pva0:pva0_niso1_ctx7: initialized (streamid=25, iommu=smmu.0x0000000008000000)
[    9.272200] pva 16000000.pva0: pdata->version is HW_GEN2
[    9.279004] tegra-nvdec 15480000.nvdec: Adding to iommu group 43
[    9.279652] pva 16000000.pva0: Completed nvhost_client_device_init
[    9.280594] pva 16000000.pva0: syncpt_unit_base 60000000 syncpt_unit_size 4000000 size 10000
[    9.281352] nvdla 158c0000.nvdla1: syncpt_unit_base 60000000 syncpt_unit_size 4000000 size 10000
[    9.286350] tegra-nvenc 154c0000.nvenc: Adding to iommu group 44
[    9.293031] Inserting ivc_ext.ko module
[    9.300663] tegra-nvjpg 15380000.nvjpg: Adding to iommu group 45
[    9.314655] tsec 15500000.tsec: tsec fw req success in 100 ms
[    9.316579] tsec 15500000.tsec: RISC-V boot using kernel allocated Mem
[    9.316840] tegra-nvjpg 15540000.nvjpg: Adding to iommu group 46
[    9.322672] tsec 15500000.tsec: RISC-V boot success
[    9.327097] tegra186-cam-rtcpu bc00000.rtcpu: Adding to iommu group 47
[    9.328227] tegra-ofa 15a50000.ofa: Adding to iommu group 48
[    9.328556] tegra186-cam-rtcpu bc00000.rtcpu: Trace buffer configured at IOVA=0xbff00000
[    9.332330] drm drm: [drm] Cannot find any crtc or sizes
[    9.332551] [drm] Initialized tegra 1.0.99 20120330 for drm on minor 0
[    9.332625] tegra-ivc-bus bc00000.rtcpu:ivc-bus: region 0: iova=0xbfec0000-0xbfee027f size=131712
[    9.332670] tegra-ivc-bus bc00000.rtcpu:ivc-bus:echo@0: echo: ver=0 grp=1 RX[16x64]=0x1000-0x1480 TX[16x64]=0x1480-0x1900
[    9.332699] tegra-ivc-bus bc00000.rtcpu:ivc-bus:dbg@1: dbg: ver=0 grp=1 RX[1x512]=0x1900-0x1b80 TX[1x512]=0x1b80-0x1e00
[    9.332721] tegra-ivc-bus bc00000.rtcpu:ivc-bus:dbg@2: dbg: ver=0 grp=1 RX[1x8192]=0x1e00-0x3e80 TX[1x8192]=0x3e80-0x5f00
[    9.332773] tegra-ivc-bus bc00000.rtcpu:ivc-bus:ivccontrol@3: ivccontrol: ver=0 grp=1 RX[64x320]=0x5f00-0xaf80 TX[64x320]=0xaf80-0x10000
[    9.333112] tegra-ivc-bus bc00000.rtcpu:ivc-bus:ivccapture@4: ivccapture: ver=0 grp=1 RX[512x64]=0x10000-0x18080 TX[512x64]=0x18080-0x20100
[    9.333308] tegra-ivc-bus bc00000.rtcpu:ivc-bus:diag@5: diag: ver=0 grp=1 RX[1x64]=0x20100-0x201c0 TX[1x64]=0x201c0-0x20280
[    9.333921] tegra186-cam-rtcpu bc00000.rtcpu: using cam RTCPU IRQ (231)
[    9.333924] tegra186-cam-rtcpu bc00000.rtcpu: tegra_camrtc_mon_create is successful
[    9.334199] tegra186-cam-rtcpu bc00000.rtcpu: firmware version cpu=rce cmd=6 sha1=e2238c99959d2df9350d393f04e1f44e5bef98cb
[    9.334331] tegra-ivc-bus bc00000.rtcpu:ivc-bus:echo@0: ivc channel driver missing
[    9.334333] tegra-ivc-bus bc00000.rtcpu:ivc-bus:dbg@1: ivc channel driver missing
[    9.334334] tegra-ivc-bus bc00000.rtcpu:ivc-bus:dbg@2: ivc channel driver missing
[    9.334336] tegra-ivc-bus bc00000.rtcpu:ivc-bus:ivccontrol@3: ivc channel driver missing
[    9.334337] tegra-ivc-bus bc00000.rtcpu:ivc-bus:ivccapture@4: ivc channel driver missing
[    9.334339] tegra-ivc-bus bc00000.rtcpu:ivc-bus:diag@5: ivc channel driver missing
[    9.334344] tegra-hsp b950000.tegra-hsp: Try increasing MBOX_TX_QUEUE_LEN
[    9.334349] tegra-hsp b950000.tegra-hsp: Try increasing MBOX_TX_QUEUE_LEN
[    9.334351] tegra-hsp b950000.tegra-hsp: Try increasing MBOX_TX_QUEUE_LEN
[    9.389671] [RCE] TCU debug prints will be routed to traces.
[    9.590364] tegra-camrtc-capture-vi tegra-capture-vi: ep of_device is not enabled endpoint.
[    9.590374] tegra-camrtc-capture-vi tegra-capture-vi: ep of_device is not enabled endpoint.
[    9.596958] tegra194-vi5 13e00000.host1x:vi0@15c00000: Adding to iommu group 26
[    9.598434] tegra194-isp5 14800000.isp: Adding to iommu group 31
[    9.598645] tegra-camrtc-capture-vi tegra-capture-vi: subdev 13e00000.host1x:nvcsi@15a00000- bound
[    9.598652] tegra-camrtc-capture-vi tegra-capture-vi: subdev 13e00000.host1x:nvcsi@15a00000- bound
[    9.598658] tegra-camrtc-capture-vi tegra-capture-vi: subdev 13e00000.host1x:nvcsi@15a00000- bound
[    9.598662] tegra-camrtc-capture-vi tegra-capture-vi: subdev 13e00000.host1x:nvcsi@15a00000- bound
[    9.600952] tegra194-vi5 13e00000.host1x:vi1@14c00000: Adding to iommu group 29
[    9.601048] (NULL device *): fops function table already registered
[    9.602580] tegra-dce d800000.dce: Adding to iommu group 49
[    9.602979] dce: dce_ipc_channel_init:311  Invalid Channel State [0x0] for ch_type [2]
[    9.603171] dce: tegra_dce_probe:245  Found display consumer device
[    9.603686] dce: dce_mailbox_set_full_interrupt:157  Intr bit set multiple times for MB : [0x5]
[    9.603692] dce: dce_mailbox_set_full_interrupt:157  Intr bit set multiple times for MB : [0x5]
[    9.603958] dce: dce_admin_send_cmd_ver:456  version : [0x3] err : [0x0]
[    9.604160] dce: dce_mailbox_set_full_interrupt:157  Intr bit set multiple times for MB : [0x1]
[    9.604166] dce: dce_admin_setup_clients_ipc:585  Channel Reset Complete for Type [1] ...
[    9.604167] dce: dce_admin_setup_clients_ipc:561  Get queue info failed for [2]
[    9.604358] dce: dce_mailbox_set_full_interrupt:157  Intr bit set multiple times for MB : [0x2]
[    9.604364] dce: dce_admin_setup_clients_ipc:585  Channel Reset Complete for Type [3] ...
[    9.605343] dce: dce_start_boot_flow:166  DCE_BOOT_DONE
[    9.608709] nvvrs_pseq 4-003c: NVVRS Vendor ID: 0x9
[    9.608997] nvvrs11 4-0020: NVVRS11 Vendor ID: 0x11
[    9.611304] nvvrs_pseq 4-003c: NVVRS Model Rev: 0x81
